Component: ARM Compiler 5.06 update 6 (build 750) Tool: armlink [4d35ed]

==============================================================================

Section Cross References

    startup_stm32f103xe.o(RESET) refers to startup_stm32f103xe.o(STACK) for __initial_sp
    startup_stm32f103xe.o(RESET) refers to startup_stm32f103xe.o(.text) for Reset_Handler
    startup_stm32f103xe.o(RESET) refers to stm32f1xx_it.o(i.NMI_Handler) for NMI_Handler
    startup_stm32f103xe.o(RESET) refers to stm32f1xx_it.o(i.HardFault_Handler) for HardFault_Handler
    startup_stm32f103xe.o(RESET) refers to stm32f1xx_it.o(i.MemManage_Handler) for MemManage_Handler
    startup_stm32f103xe.o(RESET) refers to stm32f1xx_it.o(i.BusFault_Handler) for BusFault_Handler
    startup_stm32f103xe.o(RESET) refers to stm32f1xx_it.o(i.UsageFault_Handler) for UsageFault_Handler
    startup_stm32f103xe.o(RESET) refers to stm32f1xx_it.o(i.SVC_Handler) for SVC_Handler
    startup_stm32f103xe.o(RESET) refers to stm32f1xx_it.o(i.DebugMon_Handler) for DebugMon_Handler
    startup_stm32f103xe.o(RESET) refers to stm32f1xx_it.o(i.PendSV_Handler) for PendSV_Handler
    startup_stm32f103xe.o(RESET) refers to stm32f1xx_it.o(i.SysTick_Handler) for SysTick_Handler
    startup_stm32f103xe.o(RESET) refers to exti.o(i.EXTI0_IRQHandler) for EXTI0_IRQHandler
    startup_stm32f103xe.o(RESET) refers to exti.o(i.EXTI3_IRQHandler) for EXTI3_IRQHandler
    startup_stm32f103xe.o(RESET) refers to exti.o(i.EXTI4_IRQHandler) for EXTI4_IRQHandler
    startup_stm32f103xe.o(RESET) refers to usart.o(i.USART1_IRQHandler) for USART1_IRQHandler
    startup_stm32f103xe.o(.text) refers to system_stm32f1xx.o(i.SystemInit) for SystemInit
    startup_stm32f103xe.o(.text) refers to entry.o(.ARM.Collect$$$$00000000) for __main
    main.o(i.main) refers to stm32f1xx_hal.o(i.HAL_Init) for HAL_Init
    main.o(i.main) refers to sys.o(i.sys_stm32_clock_init) for sys_stm32_clock_init
    main.o(i.main) refers to delay.o(i.delay_init) for delay_init
    main.o(i.main) refers to usart.o(i.usart_init) for usart_init
    main.o(i.main) refers to led.o(i.led_init) for led_init
    main.o(i.main) refers to lcd.o(i.lcd_init) for lcd_init
    main.o(i.main) refers to adc.o(i.adc_init) for adc_init
    main.o(i.main) refers to key.o(i.key_init) for key_init
    main.o(i.main) refers to 24cxx.o(i.at24cxx_init) for at24cxx_init
    main.o(i.main) refers to key.o(i.key_scan) for key_scan
    main.o(i.main) refers to delay.o(i.delay_ms) for delay_ms
    main.o(i.main) refers to lcd.o(i.lcd_clear) for lcd_clear
    main.o(i.main) refers to lcd.o(i.lcd_show_string) for lcd_show_string
    main.o(i.main) refers to adc.o(i.adc_get_result_average) for adc_get_result_average
    main.o(i.main) refers to ffltui.o(.text) for __aeabi_ui2f
    main.o(i.main) refers to f2d.o(.text) for __aeabi_f2d
    main.o(i.main) refers to dmul.o(.text) for __aeabi_dmul
    main.o(i.main) refers to d2f.o(.text) for __aeabi_d2f
    main.o(i.main) refers to ddiv.o(.text) for __aeabi_ddiv
    main.o(i.main) refers to dadd.o(.text) for __aeabi_dsub
    main.o(i.main) refers to dfixui.o(.text) for __aeabi_d2uiz
    main.o(i.main) refers to adc.o(i.GetLux) for GetLux
    main.o(i.main) refers to printf8.o(i.__0printf$8) for __2printf
    main.o(i.main) refers to printf8.o(i.__0sprintf$8) for __2sprintf
    main.o(i.main) refers to 24cxx.o(i.at24cxx_write) for at24cxx_write
    main.o(i.main) refers to lcd.o(i.lcd_show_xnum) for lcd_show_xnum
    main.o(i.main) refers to stm32f1xx_hal_gpio.o(i.HAL_GPIO_TogglePin) for HAL_GPIO_TogglePin
    main.o(i.main) refers to 24cxx.o(i.at24cxx_read) for at24cxx_read
    main.o(i.main) refers to exti.o(.data) for key1_flag
    system_stm32f1xx.o(i.SystemCoreClockUpdate) refers to system_stm32f1xx.o(.data) for SystemCoreClock
    system_stm32f1xx.o(i.SystemCoreClockUpdate) refers to system_stm32f1xx.o(.constdata) for AHBPrescTable
    stm32f1xx_it.o(i.SysTick_Handler) refers to stm32f1xx_hal.o(i.HAL_IncTick) for HAL_IncTick
    delay.o(i.HAL_Delay) refers to delay.o(i.delay_ms) for delay_ms
    delay.o(i.delay_init) refers to delay.o(.data) for g_fac_us
    delay.o(i.delay_ms) refers to delay.o(i.delay_us) for delay_us
    delay.o(i.delay_us) refers to delay.o(.data) for g_fac_us
    sys.o(i.sys_stm32_clock_init) refers to memseta.o(.text) for __aeabi_memclr4
    sys.o(i.sys_stm32_clock_init) refers to stm32f1xx_hal_rcc.o(i.HAL_RCC_OscConfig) for HAL_RCC_OscConfig
    sys.o(i.sys_stm32_clock_init) refers to stm32f1xx_hal_rcc.o(i.HAL_RCC_ClockConfig) for HAL_RCC_ClockConfig
    usart.o(i.HAL_UART_MspInit) refers to stm32f1xx_hal_gpio.o(i.HAL_GPIO_Init) for HAL_GPIO_Init
    usart.o(i.HAL_UART_MspInit) refers to stm32f1xx_hal_cortex.o(i.HAL_NVIC_EnableIRQ) for HAL_NVIC_EnableIRQ
    usart.o(i.HAL_UART_MspInit) refers to stm32f1xx_hal_cortex.o(i.HAL_NVIC_SetPriority) for HAL_NVIC_SetPriority
[...]
    Removing stm32f1xx_hal_sram.o(i.HAL_SRAM_Read_32b), (96 bytes).
    Removing stm32f1xx_hal_sram.o(i.HAL_SRAM_Read_8b), (96 bytes).
    Removing stm32f1xx_hal_sram.o(i.HAL_SRAM_Read_DMA), (120 bytes).
    Removing stm32f1xx_hal_sram.o(i.HAL_SRAM_WriteOperation_Disable), (72 bytes).
    Removing stm32f1xx_hal_sram.o(i.HAL_SRAM_WriteOperation_Enable), (72 bytes).
    Removing stm32f1xx_hal_sram.o(i.HAL_SRAM_Write_16b), (128 bytes).
    Removing stm32f1xx_hal_sram.o(i.HAL_SRAM_Write_32b), (88 bytes).
    Removing stm32f1xx_hal_sram.o(i.HAL_SRAM_Write_8b), (88 bytes).
    Removing stm32f1xx_hal_sram.o(i.HAL_SRAM_Write_DMA), (100 bytes).
    Removing stm32f1xx_hal_sram.o(i.SRAM_DMACplt), (32 bytes).
    Removing stm32f1xx_hal_sram.o(i.SRAM_DMACpltProt), (32 bytes).
    Removing stm32f1xx_hal_sram.o(i.SRAM_DMAError), (32 bytes).
    Removing stm32f1xx_ll_fsmc.o(.rev16_text), (4 bytes).
    Removing stm32f1xx_ll_fsmc.o(.revsh_text), (4 bytes).
    Removing stm32f1xx_ll_fsmc.o(.rrx_text), (6 bytes).
    Removing stm32f1xx_ll_fsmc.o(i.FSMC_NAND_AttributeSpace_Timing_Init), (62 bytes).
    Removing stm32f1xx_ll_fsmc.o(i.FSMC_NAND_CommonSpace_Timing_Init), (62 bytes).
    Removing stm32f1xx_ll_fsmc.o(i.FSMC_NAND_DeInit), (66 bytes).
    Removing stm32f1xx_ll_fsmc.o(i.FSMC_NAND_ECC_Disable), (28 bytes).
    Removing stm32f1xx_ll_fsmc.o(i.FSMC_NAND_ECC_Enable), (28 bytes).
    Removing stm32f1xx_ll_fsmc.o(i.FSMC_NAND_GetECC), (84 bytes).
    Removing stm32f1xx_ll_fsmc.o(i.FSMC_NAND_Init), (100 bytes).
    Removing stm32f1xx_ll_fsmc.o(i.FSMC_NORSRAM_DeInit), (56 bytes).
    Removing stm32f1xx_ll_fsmc.o(i.FSMC_NORSRAM_WriteOperation_Disable), (18 bytes).
    Removing stm32f1xx_ll_fsmc.o(i.FSMC_NORSRAM_WriteOperation_Enable), (18 bytes).
    Removing stm32f1xx_ll_fsmc.o(i.FSMC_PCCARD_AttributeSpace_Timing_Init), (30 bytes).
    Removing stm32f1xx_ll_fsmc.o(i.FSMC_PCCARD_CommonSpace_Timing_Init), (30 bytes).
    Removing stm32f1xx_ll_fsmc.o(i.FSMC_PCCARD_DeInit), (32 bytes).
    Removing stm32f1xx_ll_fsmc.o(i.FSMC_PCCARD_IOSpace_Timing_Init), (30 bytes).
    Removing stm32f1xx_ll_fsmc.o(i.FSMC_PCCARD_Init), (40 bytes).
    Removing stm32f1xx_hal_adc.o(.rev16_text), (4 bytes).
    Removing stm32f1xx_hal_adc.o(.revsh_text), (4 bytes).
    Removing stm32f1xx_hal_adc.o(.rrx_text), (6 bytes).
    Removing stm32f1xx_hal_adc.o(i.ADC_DMAConvCplt), (82 bytes).
    Removing stm32f1xx_hal_adc.o(i.ADC_DMAError), (30 bytes).
    Removing stm32f1xx_hal_adc.o(i.ADC_DMAHalfConvCplt), (14 bytes).
    Removing stm32f1xx_hal_adc.o(i.HAL_ADC_AnalogWDGConfig), (148 bytes).
    Removing stm32f1xx_hal_adc.o(i.HAL_ADC_ConvCpltCallback), (2 bytes).
    Removing stm32f1xx_hal_adc.o(i.HAL_ADC_ConvHalfCpltCallback), (2 bytes).
    Removing stm32f1xx_hal_adc.o(i.HAL_ADC_DeInit), (268 bytes).
    Removing stm32f1xx_hal_adc.o(i.HAL_ADC_ErrorCallback), (2 bytes).
    Removing stm32f1xx_hal_adc.o(i.HAL_ADC_GetError), (6 bytes).
    Removing stm32f1xx_hal_adc.o(i.HAL_ADC_GetState), (6 bytes).
    Removing stm32f1xx_hal_adc.o(i.HAL_ADC_IRQHandler), (290 bytes).
    Removing stm32f1xx_hal_adc.o(i.HAL_ADC_LevelOutOfWindowCallback), (2 bytes).
    Removing stm32f1xx_hal_adc.o(i.HAL_ADC_MspDeInit), (2 bytes).
    Removing stm32f1xx_hal_adc.o(i.HAL_ADC_MspInit), (2 bytes).
    Removing stm32f1xx_hal_adc.o(i.HAL_ADC_PollForEvent), (100 bytes).
    Removing stm32f1xx_hal_adc.o(i.HAL_ADC_Start_DMA), (384 bytes).
    Removing stm32f1xx_hal_adc.o(i.HAL_ADC_Start_IT), (316 bytes).
    Removing stm32f1xx_hal_adc.o(i.HAL_ADC_Stop), (64 bytes).
    Removing stm32f1xx_hal_adc.o(i.HAL_ADC_Stop_DMA), (106 bytes).
    Removing stm32f1xx_hal_adc.o(i.HAL_ADC_Stop_IT), (76 bytes).
    Removing stm32f1xx_hal_adc_ex.o(.rev16_text), (4 bytes).
    Removing stm32f1xx_hal_adc_ex.o(.revsh_text), (4 bytes).
    Removing stm32f1xx_hal_adc_ex.o(.rrx_text), (6 bytes).
    Removing stm32f1xx_hal_adc_ex.o(i.HAL_ADCEx_InjectedConfigChannel), (628 bytes).
    Removing stm32f1xx_hal_adc_ex.o(i.HAL_ADCEx_InjectedConvCpltCallback), (2 bytes).
    Removing stm32f1xx_hal_adc_ex.o(i.HAL_ADCEx_InjectedGetValue), (50 bytes).
    Removing stm32f1xx_hal_adc_ex.o(i.HAL_ADCEx_InjectedPollForConversion), (348 bytes).
    Removing stm32f1xx_hal_adc_ex.o(i.HAL_ADCEx_InjectedStart), (236 bytes).
    Removing stm32f1xx_hal_adc_ex.o(i.HAL_ADCEx_InjectedStart_IT), (248 bytes).
    Removing stm32f1xx_hal_adc_ex.o(i.HAL_ADCEx_InjectedStop), (94 bytes).
    Removing stm32f1xx_hal_adc_ex.o(i.HAL_ADCEx_InjectedStop_IT), (106 bytes).
    Removing stm32f1xx_hal_adc_ex.o(i.HAL_ADCEx_MultiModeConfigChannel), (116 bytes).
    Removing stm32f1xx_hal_adc_ex.o(i.HAL_ADCEx_MultiModeGetValue), (36 bytes).
    Removing stm32f1xx_hal_adc_ex.o(i.HAL_ADCEx_MultiModeStart_DMA), (276 bytes).
    Removing stm32f1xx_hal_adc_ex.o(i.HAL_ADCEx_MultiModeStop_DMA), (140 bytes).
    Removing led.o(.rev16_text), (4 bytes).
    Removing led.o(.revsh_text), (4 bytes).
    Removing led.o(.rrx_text), (6 bytes).
    Removing lcd.o(.rev16_text), (4 bytes).
    Removing lcd.o(.revsh_text), (4 bytes).
    Removing lcd.o(.rrx_text), (6 bytes).
    Removing lcd.o(i.lcd_color_fill), (96 bytes).
    Removing lcd.o(i.lcd_display_off), (36 bytes).
    Removing lcd.o(i.lcd_display_on), (36 bytes).
    Removing lcd.o(i.lcd_draw_circle), (170 bytes).
    Removing lcd.o(i.lcd_draw_hline), (56 bytes).
    Removing lcd.o(i.lcd_draw_line), (172 bytes).
    Removing lcd.o(i.lcd_draw_rectangle), (74 bytes).
    Removing lcd.o(i.lcd_fill), (84 bytes).
    Removing lcd.o(i.lcd_fill_circle), (176 bytes).
    Removing lcd.o(i.lcd_read_point), (152 bytes).
    Removing lcd.o(i.lcd_set_window), (368 bytes).
    Removing lcd.o(i.lcd_show_num), (152 bytes).
    Removing adc.o(.rev16_text), (4 bytes).
    Removing adc.o(.revsh_text), (4 bytes).
    Removing adc.o(.rrx_text), (6 bytes).
    Removing 24cxx.o(.rev16_text), (4 bytes).
    Removing 24cxx.o(.revsh_text), (4 bytes).
    Removing 24cxx.o(.rrx_text), (6 bytes).
    Removing 24cxx.o(i.at24cxx_check), (48 bytes).
    Removing beep.o(.rev16_text), (4 bytes).
    Removing beep.o(.revsh_text), (4 bytes).
    Removing beep.o(.rrx_text), (6 bytes).
    Removing beep.o(i.beep_init), (88 bytes).
    Removing exti.o(.rev16_text), (4 bytes).
    Removing exti.o(.revsh_text), (4 bytes).
    Removing exti.o(.rrx_text), (6 bytes).
    Removing exti.o(i.extix_init), (228 bytes).
    Removing myiic.o(.rev16_text), (4 bytes).
    Removing myiic.o(.revsh_text), (4 bytes).
    Removing myiic.o(.rrx_text), (6 bytes).
    Removing key.o(.rev16_text), (4 bytes).
    Removing key.o(.revsh_text), (4 bytes).
    Removing key.o(.rrx_text), (6 bytes).
    Removing dfixul.o(.text), (48 bytes).
    Removing cdrcmple.o(.text), (48 bytes).

344 unused section(s) (total 23344 bytes) removed from the image.

==============================================================================

Image Symbol Table

    Local Symbols

    Symbol Name                              Value     Ov Type        Size  Object(Section)

    ../clib/microlib/division.c              0x00000000   Number         0  uidiv.o ABSOLUTE
    ../clib/microlib/division.c              0x00000000   Number         0  uldiv.o ABSOLUTE
    ../clib/microlib/init/entry.s            0x00000000   Number         0  entry8b.o ABSOLUTE
    ../clib/microlib/init/entry.s            0x00000000   Number         0  entry11b.o ABSOLUTE
    ../clib/microlib/init/entry.s            0x00000000   Number         0  entry11a.o ABSOLUTE
    ../clib/microlib/init/entry.s            0x00000000   Number         0  entry10b.o ABSOLUTE
    ../clib/microlib/init/entry.s            0x00000000   Number         0  entry.o ABSOLUTE
    ../clib/microlib/init/entry.s            0x00000000   Number         0  entry10a.o ABSOLUTE
    ../clib/microlib/init/entry.s            0x00000000   Number         0  entry9b.o ABSOLUTE
    ../clib/microlib/init/entry.s            0x00000000   Number         0  entry9a.o ABSOLUTE
    ../clib/microlib/init/entry.s            0x00000000   Number         0  entry8a.o ABSOLUTE
    ../clib/microlib/init/entry.s            0x00000000   Number         0  entry7a.o ABSOLUTE
    ../clib/microlib/init/entry.s            0x00000000   Number         0  entry7b.o ABSOLUTE
    ../clib/microlib/init/entry.s            0x00000000   Number         0  entry5.o ABSOLUTE
    ../clib/microlib/init/entry.s            0x00000000   Number         0  entry2.o ABSOLUTE
    ../clib/microlib/longlong.c              0x00000000   Number         0  llshl.o ABSOLUTE
    ../clib/microlib/longlong.c              0x00000000   Number         0  llushr.o ABSOLUTE
    ../clib/microlib/longlong.c              0x00000000   Number         0  llsshr.o ABSOLUTE
    ../clib/microlib/printf/printf.c         0x00000000   Number         0  printf0.o ABSOLUTE
    ../clib/microlib/printf/printf.c         0x00000000   Number         0  printf8.o ABSOLUTE
    ../clib/microlib/printf/printf.c         0x00000000   Number         0  printf6.o ABSOLUTE
    ../clib/microlib/printf/printf.c         0x00000000   Number         0  printf5.o ABSOLUTE
    ../clib/microlib/printf/printf.c         0x00000000   Number         0  printf1.o ABSOLUTE
    ../clib/microlib/printf/printf.c         0x00000000   Number         0  printf4.o ABSOLUTE
    ../clib/microlib/printf/printf.c         0x00000000   Number         0  printf2.o ABSOLUTE
    ../clib/microlib/printf/printf.c         0x00000000   Number         0  printf7.o ABSOLUTE
    ../clib/microlib/printf/printf.c         0x00000000   Number         0  printfa.o ABSOLUTE
    ../clib/microlib/printf/printf.c         0x00000000   Number         0  printf3.o ABSOLUTE
    ../clib/microlib/printf/printf.c         0x00000000   Number         0  printfb.o ABSOLUTE
    ../clib/microlib/printf/stubs.s          0x00000000   Number         0  stubs.o ABSOLUTE
    ../clib/microlib/string/memset.c         0x00000000   Number         0  memseta.o ABSOLUTE
    ../clib/microlib/stubs.s                 0x00000000   Number         0  useno.o ABSOLUTE
    ../clib/microlib/stubs.s                 0x00000000   Number         0  iusefp.o ABSOLUTE
    ../fplib/microlib/d2f.c                  0x00000000   Number         0  d2f.o ABSOLUTE
    ../fplib/microlib/f2d.c                  0x00000000   Number         0  f2d.o ABSOLUTE
    ../fplib/microlib/fpadd.c                0x00000000   Number         0  dadd.o ABSOLUTE
    ../fplib/microlib/fpdiv.c                0x00000000   Number         0  ddiv.o ABSOLUTE
    ../fplib/microlib/fpepilogue.c           0x00000000   Number         0  fepilogue.o ABSOLUTE
    ../fplib/microlib/fpepilogue.c           0x00000000   Number         0  depilogue.o ABSOLUTE
    ../fplib/microlib/fpfix.c                0x00000000   Number         0  dfixul.o ABSOLUTE
    ../fplib/microlib/fpfix.c                0x00000000   Number         0  dfixui.o ABSOLUTE
    ../fplib/microlib/fpflt.c                0x00000000   Number         0  ffltui.o ABSOLUTE
    ../fplib/microlib/fpflt.c                0x00000000   Number         0  dfltui.o ABSOLUTE
    ../fplib/microlib/fpmul.c                0x00000000   Number         0  dmul.o ABSOLUTE
    ..\..\Drivers\BSP\24CXX\24cxx.c          0x00000000   Number         0  24cxx.o ABSOLUTE
    ..\..\Drivers\BSP\ADC\adc.c              0x00000000   Number         0  adc.o ABSOLUTE
    ..\..\Drivers\BSP\BEEP\beep.c            0x00000000   Number         0  beep.o ABSOLUTE
    ..\..\Drivers\BSP\EXTI\exti.c            0x00000000   Number         0  exti.o ABSOLUTE
    ..\..\Drivers\BSP\IIC\myiic.c            0x00000000   Number         0  myiic.o ABSOLUTE
    ..\..\Drivers\BSP\KEY\key.c              0x00000000   Number         0  key.o ABSOLUTE
    ..\..\Drivers\BSP\LCD\lcd.c              0x00000000   Number         0  lcd.o ABSOLUTE
    ..\..\Drivers\BSP\LED\led.c              0x00000000   Number         0  led.o ABSOLUTE
    ..\..\Drivers\CMSIS\Device\ST\STM32F1xx\Source\Templates\arm\startup_stm32f103xe.s 0x00000000   Number         0  startup_stm32f103xe.o ABSOLUTE
    ..\..\Drivers\CMSIS\Device\ST\STM32F1xx\Source\Templates\system_stm32f1xx.c 0x00000000   Number         0  system_stm32f1xx.o ABSOLUTE
    ..\..\Drivers\STM32F1xx_HAL_Driver\Src\stm32f1xx_hal.c 0x00000000   Number         0  stm32f1xx_hal.o ABSOLUTE
    ..\..\Drivers\STM32F1xx_HAL_Driver\Src\stm32f1xx_hal_adc.c 0x00000000   Number         0  stm32f1xx_hal_adc.o ABSOLUTE
    ..\..\Drivers\STM32F1xx_HAL_Driver\Src\stm32f1xx_hal_adc_ex.c 0x00000000   Number         0  stm32f1xx_hal_adc_ex.o ABSOLUTE
    ..\..\Drivers\STM32F1xx_HAL_Driver\Src\stm32f1xx_hal_cortex.c 0x00000000   Number         0  stm32f1xx_hal_cortex.o ABSOLUTE
    ..\..\Drivers\STM32F1xx_HAL_Driver\Src\stm32f1xx_hal_dma.c 0x00000000   Number         0  stm32f1xx_hal_dma.o ABSOLUTE
    ..\..\Drivers\STM32F1xx_HAL_Driver\Src\stm32f1xx_hal_gpio.c 0x00000000   Number         0  stm32f1xx_hal_gpio.o ABSOLUTE
    ..\..\Drivers\STM32F1xx_HAL_Driver\Src\stm32f1xx_hal_gpio_ex.c 0x00000000   Number         0  stm32f1xx_hal_gpio_ex.o ABSOLUTE
    ..\..\Drivers\STM32F1xx_HAL_Driver\Src\stm32f1xx_hal_pwr.c 0x00000000   Number         0  stm32f1xx_hal_pwr.o ABSOLUTE
    ..\..\Drivers\STM32F1xx_HAL_Driver\Src\stm32f1xx_hal_rcc.c 0x00000000   Number         0  stm32f1xx_hal_rcc.o ABSOLUTE
    ..\..\Drivers\STM32F1xx_HAL_Driver\Src\stm32f1xx_hal_rcc_ex.c 0x00000000   Number         0  stm32f1xx_hal_rcc_ex.o ABSOLUTE
    ..\..\Drivers\STM32F1xx_HAL_Driver\Src\stm32f1xx_hal_sram.c 0x00000000   Number         0  stm32f1xx_hal_sram.o ABSOLUTE
    ..\..\Drivers\STM32F1xx_HAL_Driver\Src\stm32f1xx_hal_uart.c 0x00000000   Number         0  stm32f1xx_hal_uart.o ABSOLUTE
    ..\..\Drivers\STM32F1xx_HAL_Driver\Src\stm32f1xx_hal_usart.c 0x00000000   Number         0  stm32f1xx_hal_usart.o ABSOLUTE
    ..\..\Drivers\STM32F1xx_HAL_Driver\Src\stm32f1xx_ll_fsmc.c 0x00000000   Number         0  stm32f1xx_ll_fsmc.o ABSOLUTE
    ..\..\Drivers\SYSTEM\delay\delay.c       0x00000000   Number         0  delay.o ABSOLUTE
    ..\..\Drivers\SYSTEM\sys\sys.c           0x00000000   Number         0  sys.o ABSOLUTE
    ..\..\Drivers\SYSTEM\usart\usart.c       0x00000000   Number         0  usart.o ABSOLUTE
    ..\..\User\main.c                        0x00000000   Number         0  main.o ABSOLUTE
    ..\..\User\stm32f1xx_it.c                0x00000000   Number         0  stm32f1xx_it.o ABSOLUTE
    ..\\..\\Drivers\\BSP\\24CXX\\24cxx.c     0x00000000   Number         0  24cxx.o ABSOLUTE
    ..\\..\\Drivers\\BSP\\ADC\\adc.c         0x00000000   Number         0  adc.o ABSOLUTE
    ..\\..\\Drivers\\BSP\\BEEP\\beep.c       0x00000000   Number         0  beep.o ABSOLUTE
    ..\\..\\Drivers\\BSP\\EXTI\\exti.c       0x00000000   Number         0  exti.o ABSOLUTE
    ..\\..\\Drivers\\BSP\\IIC\\myiic.c       0x00000000   Number         0  myiic.o ABSOLUTE
    ..\\..\\Drivers\\BSP\\KEY\\key.c         0x00000000   Number         0  key.o ABSOLUTE
    ..\\..\\Drivers\\BSP\\LCD\\lcd.c         0x00000000   Number         0  lcd.o ABSOLUTE
    ..\\..\\Drivers\\BSP\\LED\\led.c         0x00000000   Number         0  led.o ABSOLUTE
    ..\\..\\Drivers\\CMSIS\\Device\\ST\\STM32F1xx\\Source\\Templates\\system_stm32f1xx.c 0x00000000   Number         0  system_stm32f1xx.o ABSOLUTE
    ..\\..\\Drivers\\STM32F1xx_HAL_Driver\\Src\\stm32f1xx_hal.c 0x00000000   Number         0  stm32f1xx_hal.o ABSOLUTE
    ..\\..\\Drivers\\STM32F1xx_HAL_Driver\\Src\\stm32f1xx_hal_adc.c 0x00000000   Number         0  stm32f1xx_hal_adc.o ABSOLUTE
    ..\\..\\Drivers\\STM32F1xx_HAL_Driver\\Src\\stm32f1xx_hal_adc_ex.c 0x00000000   Number         0  stm32f1xx_hal_adc_ex.o ABSOLUTE
    ..\\..\\Drivers\\STM32F1xx_HAL_Driver\\Src\\stm32f1xx_hal_cortex.c 0x00000000   Number         0  stm32f1xx_hal_cortex.o ABSOLUTE
    ..\\..\\Drivers\\STM32F1xx_HAL_Driver\\Src\\stm32f1xx_hal_dma.c 0x00000000   Number         0  stm32f1xx_hal_dma.o ABSOLUTE
    ..\\..\\Drivers\\STM32F1xx_HAL_Driver\\Src\\stm32f1xx_hal_gpio.c 0x00000000   Number         0  stm32f1xx_hal_gpio.o ABSOLUTE
    ..\\..\\Drivers\\STM32F1xx_HAL_Driver\\Src\\stm32f1xx_hal_gpio_ex.c 0x00000000   Number         0  stm32f1xx_hal_gpio_ex.o ABSOLUTE
    ..\\..\\Drivers\\STM32F1xx_HAL_Driver\\Src\\stm32f1xx_hal_pwr.c 0x00000000   Number         0  stm32f1xx_hal_pwr.o ABSOLUTE
    ..\\..\\Drivers\\STM32F1xx_HAL_Driver\\Src\\stm32f1xx_hal_rcc.c 0x00000000   Number         0  stm32f1xx_hal_rcc.o ABSOLUTE
    ..\\..\\Drivers\\STM32F1xx_HAL_Driver\\Src\\stm32f1xx_hal_rcc_ex.c 0x00000000   Number         0  stm32f1xx_hal_rcc_ex.o ABSOLUTE
    ..\\..\\Drivers\\STM32F1xx_HAL_Driver\\Src\\stm32f1xx_hal_sram.c 0x00000000   Number         0  stm32f1xx_hal_sram.o ABSOLUTE
    ..\\..\\Drivers\\STM32F1xx_HAL_Driver\\Src\\stm32f1xx_hal_uart.c 0x00000000   Number         0  stm32f1xx_hal_uart.o ABSOLUTE
    ..\\..\\Drivers\\STM32F1xx_HAL_Driver\\Src\\stm32f1xx_hal_usart.c 0x00000000   Number         0  stm32f1xx_hal_usart.o ABSOLUTE
    ..\\..\\Drivers\\STM32F1xx_HAL_Driver\\Src\\stm32f1xx_ll_fsmc.c 0x00000000   Number         0  stm32f1xx_ll_fsmc.o ABSOLUTE
    ..\\..\\Drivers\\SYSTEM\\delay\\delay.c  0x00000000   Number         0  delay.o ABSOLUTE
    ..\\..\\Drivers\\SYSTEM\\sys\\sys.c      0x00000000   Number         0  sys.o ABSOLUTE
    ..\\..\\Drivers\\SYSTEM\\usart\\usart.c  0x00000000   Number         0  usart.o ABSOLUTE
    ..\\..\\User\\main.c                     0x00000000   Number         0  main.o ABSOLUTE
    ..\\..\\User\\stm32f1xx_it.c             0x00000000   Number         0  stm32f1xx_it.o ABSOLUTE
    cdrcmple.s                               0x00000000   Number         0  cdrcmple.o ABSOLUTE
    dc.s                                     0x00000000   Number         0  dc.o ABSOLUTE
    handlers.s                               0x00000000   Number         0  handlers.o ABSOLUTE
    init.s                                   0x00000000   Number         0  init.o ABSOLUTE
    RESET                                    0x08000000   Section      304  startup_stm32f103xe.o(RESET)
    .ARM.Collect$$$$00000000                 0x08000130   Section        0  entry.o(.ARM.Collect$$$$00000000)
    .ARM.Collect$$$$00000001                 0x08000130   Section        4  entry2.o(.ARM.Collect$$$$00000001)
    .ARM.Collect$$$$00000004                 0x08000134   Section        4  entry5.o(.ARM.Collect$$$$00000004)
    .ARM.Collect$$$$00000008                 0x08000138   Section        0  entry7b.o(.ARM.Collect$$$$00000008)
    .ARM.Collect$$$$0000000A                 0x08000138   Section        0  entry8b.o(.ARM.Collect$$$$0000000A)
    .ARM.Collect$$$$0000000B                 0x08000138   Section        8  entry9a.o(.ARM.Collect$$$$0000000B)
    .ARM.Collect$$$$0000000D                 0x08000140   Section        0  entry10a.o(.ARM.Collect$$$$0000000D)
    .ARM.Collect$$$$0000000F                 0x08000140   Section        0  entry11a.o(.ARM.Collect$$$$0000000F)
    .ARM.Collect$$$$00002712                 0x08000140   Section        4  entry2.o(.ARM.Collect$$$$00002712)
    __lit__00000000                          0x08000140   Data           4  entry2.o(.ARM.Collect$$$$00002712)
    .text                                    0x08000144   Section       36  startup_stm32f103xe.o(.text)
    .text                                    0x08000168   Section        0  memseta.o(.text)
    .text                                    0x0800018c   Section        0  dadd.o(.text)
    .text                                    0x080002da   Section        0  dmul.o(.text)
    .text                                    0x080003be   Section        0  ddiv.o(.text)
    .text                                    0x0800049c   Section        0  ffltui.o(.text)
    .text                                    0x080004a6   Section        0  dfltui.o(.text)
    .text                                    0x080004c0   Section        0  dfixui.o(.text)
    .text                                    0x080004f2   Section        0  f2d.o(.text)
    .text                                    0x08000518   Section        0  d2f.o(.text)
    .text                                    0x08000550   Section        0  uldiv.o(.text)
    .text                                    0x080005b2   Section        0  llshl.o(.text)
    .text                                    0x080005d0   Section        0  llushr.o(.text)
    .text                                    0x080005f0   Section        0  llsshr.o(.text)
    .text                                    0x08000614   Section        0  iusefp.o(.text)
    .text                                    0x08000614   Section        0  fepilogue.o(.text)
    .text                                    0x08000682   Section        0  depilogue.o(.text)
    .text                                    0x0800073c   Section       36  init.o(.text)
    i.ADC_ConversionStop_Disable             0x08000760   Section        0  stm32f1xx_hal_adc.o(i.ADC_ConversionStop_Disable)
    i.ADC_Enable                             0x080007b4   Section        0  stm32f1xx_hal_adc.o(i.ADC_Enable)
    i.BusFault_Handler                       0x08000838   Section        0  stm32f1xx_it.o(i.BusFault_Handler)
    i.DebugMon_Handler                       0x0800083c   Section        0  stm32f1xx_it.o(i.DebugMon_Handler)
    i.EXTI0_IRQHandler                       0x08000840   Section        0  exti.o(i.EXTI0_IRQHandler)
    i.EXTI3_IRQHandler                       0x08000854   Section        0  exti.o(i.EXTI3_IRQHandler)
    i.EXTI4_IRQHandler                       0x08000868   Section        0  exti.o(i.EXTI4_IRQHandler)
    i.FSMC_NORSRAM_Extended_Timing_Init      0x0800087c   Section        0  stm32f1xx_ll_fsmc.o(i.FSMC_NORSRAM_Extended_Timing_Init)
    i.FSMC_NORSRAM_Init                      0x080008c0   Section        0  stm32f1xx_ll_fsmc.o(i.FSMC_NORSRAM_Init)
    i.FSMC_NORSRAM_Timing_Init               0x08000938   Section        0  stm32f1xx_ll_fsmc.o(i.FSMC_NORSRAM_Timing_Init)
    i.GetLux                                 0x0800097c   Section        0  adc.o(i.GetLux)
    i.HAL_ADCEx_Calibration_Start            0x080009ac   Section        0  stm32f1xx_hal_adc_ex.o(i.HAL_ADCEx_Calibration_Start)
    i.HAL_ADC_ConfigChannel                  0x08000ab0   Section        0  stm32f1xx_hal_adc.o(i.HAL_ADC_ConfigChannel)
    i.HAL_ADC_GetValue                       0x08000c10   Section        0  stm32f1xx_hal_adc.o(i.HAL_ADC_GetValue)
    i.HAL_ADC_Init                           0x08000c18   Section        0  stm32f1xx_hal_adc.o(i.HAL_ADC_Init)
    i.HAL_ADC_MspInit                        0x08000d78   Section        0  adc.o(i.HAL_ADC_MspInit)
    i.HAL_ADC_PollForConversion              0x08000dfc   Section        0  stm32f1xx_hal_adc.o(i.HAL_ADC_PollForConversion)
    i.HAL_ADC_Start                          0x08000f6c   Section        0  stm32f1xx_hal_adc.o(i.HAL_ADC_Start)
    i.HAL_DMA_Abort_IT                       0x0800109c   Section        0  stm32f1xx_hal_dma.o(i.HAL_DMA_Abort_IT)
    i.HAL_GPIO_EXTI_Callback                 0x08001244   Section        0  exti.o(i.HAL_GPIO_EXTI_Callback)
    i.HAL_GPIO_EXTI_IRQHandler               0x080012bc   Section        0  stm32f1xx_hal_gpio.o(i.HAL_GPIO_EXTI_IRQHandler)
    i.HAL_GPIO_Init                          0x080012d8   Section        0  stm32f1xx_hal_gpio.o(i.HAL_GPIO_Init)
    i.HAL_GPIO_ReadPin                       0x08001618   Section        0  stm32f1xx_hal_gpio.o(i.HAL_GPIO_ReadPin)
    i.HAL_GPIO_TogglePin                     0x08001628   Section        0  stm32f1xx_hal_gpio.o(i.HAL_GPIO_TogglePin)
    i.HAL_GPIO_WritePin                      0x0800163c   Section        0  stm32f1xx_hal_gpio.o(i.HAL_GPIO_WritePin)
    i.HAL_GetTick                            0x08001648   Section        0  stm32f1xx_hal.o(i.HAL_GetTick)
    i.HAL_IncTick                            0x08001654   Section        0  stm32f1xx_hal.o(i.HAL_IncTick)
    i.HAL_Init                               0x0800166c   Section        0  stm32f1xx_hal.o(i.HAL_Init)
    i.HAL_InitTick                           0x08001694   Section        0  stm32f1xx_hal.o(i.HAL_InitTick)
    i.HAL_MspInit                            0x080016e0   Section        0  stm32f1xx_hal.o(i.HAL_MspInit)
    i.HAL_NVIC_EnableIRQ                     0x080016e2   Section        0  stm32f1xx_hal_cortex.o(i.HAL_NVIC_EnableIRQ)
    i.HAL_NVIC_SetPriority                   0x08001702   Section        0  stm32f1xx_hal_cortex.o(i.HAL_NVIC_SetPriority)
    i.HAL_NVIC_SetPriorityGrouping           0x08001780   Section        0  stm32f1xx_hal_cortex.o(i.HAL_NVIC_SetPriorityGrouping)
    i.HAL_RCCEx_GetPeriphCLKFreq             0x080017a8   Section        0  stm32f1xx_hal_rcc_ex.o(i.HAL_RCCEx_GetPeriphCLKFreq)
    i.HAL_RCCEx_PeriphCLKConfig              0x080018dc   Section        0  stm32f1xx_hal_rcc_ex.o(i.HAL_RCCEx_PeriphCLKConfig)
    i.HAL_RCC_ClockConfig                    0x08001a0c   Section        0  stm32f1xx_hal_rcc.o(i.HAL_RCC_ClockConfig)
    i.HAL_RCC_GetHCLKFreq                    0x08001b98   Section        0  stm32f1xx_hal_rcc.o(i.HAL_RCC_GetHCLKFreq)
    i.HAL_RCC_GetPCLK1Freq                   0x08001ba4   Section        0  stm32f1xx_hal_rcc.o(i.HAL_RCC_GetPCLK1Freq)
    i.HAL_RCC_GetPCLK2Freq                   0x08001bc4   Section        0  stm32f1xx_hal_rcc.o(i.HAL_RCC_GetPCLK2Freq)
    i.HAL_RCC_GetSysClockFreq                0x08001be4   Section        0  stm32f1xx_hal_rcc.o(i.HAL_RCC_GetSysClockFreq)
    i.HAL_RCC_OscConfig                      0x08001c78   Section        0  stm32f1xx_hal_rcc.o(i.HAL_RCC_OscConfig)
    i.HAL_SRAM_Init                          0x080020dc   Section        0  stm32f1xx_hal_sram.o(i.HAL_SRAM_Init)
    i.HAL_SRAM_MspInit                       0x08002144   Section        0  lcd.o(i.HAL_SRAM_MspInit)
    i.HAL_SYSTICK_Config                     0x080021d4   Section        0  stm32f1xx_hal_cortex.o(i.HAL_SYSTICK_Config)
    i.HAL_UART_ErrorCallback                 0x08002208   Section        0  stm32f1xx_hal_uart.o(i.HAL_UART_ErrorCallback)
    i.HAL_UART_IRQHandler                    0x0800220c   Section        0  stm32f1xx_hal_uart.o(i.HAL_UART_IRQHandler)
    i.HAL_UART_Init                          0x08002360   Section        0  stm32f1xx_hal_uart.o(i.HAL_UART_Init)
    i.HAL_UART_MspInit                       0x080023d4   Section        0  usart.o(i.HAL_UART_MspInit)
    i.HAL_UART_Receive_IT                    0x08002488   Section        0  stm32f1xx_hal_uart.o(i.HAL_UART_Receive_IT)
    i.HAL_UART_RxCpltCallback                0x080024f8   Section        0  usart.o(i.HAL_UART_RxCpltCallback)
    i.HAL_UART_TxCpltCallback                0x08002594   Section        0  stm32f1xx_hal_uart.o(i.HAL_UART_TxCpltCallback)
    i.HardFault_Handler                      0x08002596   Section        0  stm32f1xx_it.o(i.HardFault_Handler)
    i.MemManage_Handler                      0x0800259a   Section        0  stm32f1xx_it.o(i.MemManage_Handler)
    i.NMI_Handler                            0x0800259e   Section        0  stm32f1xx_it.o(i.NMI_Handler)
    i.PendSV_Handler                         0x080025a0   Section        0  stm32f1xx_it.o(i.PendSV_Handler)
    i.RCC_Delay                              0x080025a4   Section        0  stm32f1xx_hal_rcc.o(i.RCC_Delay)
    RCC_Delay                                0x080025a5   Thumb Code    36  stm32f1xx_hal_rcc.o(i.RCC_Delay)
    i.SVC_Handler                            0x080025cc   Section        0  stm32f1xx_it.o(i.SVC_Handler)
    i.SysTick_Handler                        0x080025ce   Section        0  stm32f1xx_it.o(i.SysTick_Handler)
    i.SystemInit                             0x080025d6   Section        0  system_stm32f1xx.o(i.SystemInit)
    i.UART_DMAAbortOnError                   0x080025d8   Section        0  stm32f1xx_hal_uart.o(i.UART_DMAAbortOnError)
    UART_DMAAbortOnError                     0x080025d9   Thumb Code    20  stm32f1xx_hal_uart.o(i.UART_DMAAbortOnError)
    i.UART_EndRxTransfer                     0x080025ec   Section        0  stm32f1xx_hal_uart.o(i.UART_EndRxTransfer)
    UART_EndRxTransfer                       0x080025ed   Thumb Code    32  stm32f1xx_hal_uart.o(i.UART_EndRxTransfer)
    i.UART_EndTransmit_IT                    0x0800260c   Section        0  stm32f1xx_hal_uart.o(i.UART_EndTransmit_IT)
    UART_EndTransmit_IT                      0x0800260d   Thumb Code    32  stm32f1xx_hal_uart.o(i.UART_EndTransmit_IT)
    i.UART_Receive_IT                        0x0800262c   Section        0  stm32f1xx_hal_uart.o(i.UART_Receive_IT)
    UART_Receive_IT                          0x0800262d   Thumb Code   160  stm32f1xx_hal_uart.o(i.UART_Receive_IT)
    i.UART_SetConfig                         0x080026cc   Section        0  stm32f1xx_hal_uart.o(i.UART_SetConfig)
    UART_SetConfig                           0x080026cd   Thumb Code   248  stm32f1xx_hal_uart.o(i.UART_SetConfig)
    i.UART_Transmit_IT                       0x080027c8   Section        0  stm32f1xx_hal_uart.o(i.UART_Transmit_IT)
    UART_Transmit_IT                         0x080027c9   Thumb Code    96  stm32f1xx_hal_uart.o(i.UART_Transmit_IT)
    i.USART1_IRQHandler                      0x08002828   Section        0  usart.o(i.USART1_IRQHandler)
    i.UsageFault_Handler                     0x08002838   Section        0  stm32f1xx_it.o(i.UsageFault_Handler)
    i.__0printf$8                            0x0800283c   Section        0  printf8.o(i.__0printf$8)
    i.__0sprintf$8                           0x0800285c   Section        0  printf8.o(i.__0sprintf$8)
    i.__NVIC_GetPriorityGrouping             0x08002884   Section        0  stm32f1xx_hal_cortex.o(i.__NVIC_GetPriorityGrouping)
    __NVIC_GetPriorityGrouping               0x08002885   Thumb Code    10  stm32f1xx_hal_cortex.o(i.__NVIC_GetPriorityGrouping)
    i.__NVIC_SetPriority                     0x08002894   Section        0  stm32f1xx_hal_cortex.o(i.__NVIC_SetPriority)
    __NVIC_SetPriority                       0x08002895   Thumb Code    32  stm32f1xx_hal_cortex.o(i.__NVIC_SetPriority)
    i.__scatterload_copy                     0x080028bc   Section       14  handlers.o(i.__scatterload_copy)
    i.__scatterload_null                     0x080028ca   Section        2  handlers.o(i.__scatterload_null)
    i.__scatterload_zeroinit                 0x080028cc   Section       14  handlers.o(i.__scatterload_zeroinit)
    i._printf_core                           0x080028dc   Section        0  printf8.o(i._printf_core)
    _printf_core                             0x080028dd   Thumb Code   996  printf8.o(i._printf_core)
    i._printf_post_padding                   0x08002cec   Section        0  printf8.o(i._printf_post_padding)
    _printf_post_padding                     0x08002ced   Thumb Code    36  printf8.o(i._printf_post_padding)
    i._printf_pre_padding                    0x08002d10   Section        0  printf8.o(i._printf_pre_padding)
    _printf_pre_padding                      0x08002d11   Thumb Code    46  printf8.o(i._printf_pre_padding)
    i._sputc                                 0x08002d3e   Section        0  printf8.o(i._sputc)
    _sputc                                   0x08002d3f   Thumb Code    10  printf8.o(i._sputc)
    i.adc_channel_set                        0x08002d48   Section        0  adc.o(i.adc_channel_set)
    i.adc_get_result                         0x08002d64   Section        0  adc.o(i.adc_get_result)
    i.adc_get_result_average                 0x08002d90   Section        0  adc.o(i.adc_get_result_average)
    i.adc_init                               0x08002dbc   Section        0  adc.o(i.adc_init)
    i.at24cxx_init                           0x08002df4   Section        0  24cxx.o(i.at24cxx_init)
    i.at24cxx_read                           0x08002dfc   Section        0  24cxx.o(i.at24cxx_read)
    i.at24cxx_read_one_byte                  0x08002e20   Section        0  24cxx.o(i.at24cxx_read_one_byte)
    i.at24cxx_write                          0x08002e72   Section        0  24cxx.o(i.at24cxx_write)
    i.at24cxx_write_one_byte                 0x08002e96   Section        0  24cxx.o(i.at24cxx_write_one_byte)
    i.delay_init                             0x08002ee0   Section        0  delay.o(i.delay_init)
    i.delay_ms                               0x08002eec   Section        0  delay.o(i.delay_ms)
    i.delay_us                               0x08002f00   Section        0  delay.o(i.delay_us)
    i.fputc                                  0x08002f48   Section        0  usart.o(i.fputc)
    i.iic_ack                                0x08002f64   Section        0  myiic.o(i.iic_ack)
    i.iic_delay                              0x08002fb4   Section        0  myiic.o(i.iic_delay)
    iic_delay                                0x08002fb5   Thumb Code    10  myiic.o(i.iic_delay)
    i.iic_init                               0x08002fc0   Section        0  myiic.o(i.iic_init)
    i.iic_nack                               0x08003038   Section        0  myiic.o(i.iic_nack)
    i.iic_read_byte                          0x08003078   Section        0  myiic.o(i.iic_read_byte)
    i.iic_send_byte                          0x080030d4   Section        0  myiic.o(i.iic_send_byte)
    i.iic_start                              0x08003140   Section        0  myiic.o(i.iic_start)
    i.iic_stop                               0x0800318c   Section        0  myiic.o(i.iic_stop)
    i.iic_wait_ack                           0x080031cc   Section        0  myiic.o(i.iic_wait_ack)
    i.key_init                               0x08003230   Section        0  key.o(i.key_init)
    i.key_scan                               0x080032e8   Section        0  key.o(i.key_scan)
    i.lcd_clear                              0x08003388   Section        0  lcd.o(i.lcd_clear)
    i.lcd_display_dir                        0x080033bc   Section        0  lcd.o(i.lcd_display_dir)
    i.lcd_draw_point                         0x08003528   Section        0  lcd.o(i.lcd_draw_point)
    i.lcd_ex_ili9341_reginit                 0x08003548   Section        0  lcd.o(i.lcd_ex_ili9341_reginit)
    i.lcd_ex_ili9806_reginit                 0x08003774   Section        0  lcd.o(i.lcd_ex_ili9806_reginit)
    i.lcd_ex_nt35310_reginit                 0x08003ab4   Section        0  lcd.o(i.lcd_ex_nt35310_reginit)
    i.lcd_ex_nt35510_reginit                 0x080049a6   Section        0  lcd.o(i.lcd_ex_nt35510_reginit)
    i.lcd_ex_ssd1963_reginit                 0x080058a2   Section        0  lcd.o(i.lcd_ex_ssd1963_reginit)
    i.lcd_ex_st7789_reginit                  0x08005a10   Section        0  lcd.o(i.lcd_ex_st7789_reginit)
    i.lcd_ex_st7796_reginit                  0x08005bb8   Section        0  lcd.o(i.lcd_ex_st7796_reginit)
    i.lcd_init                               0x08005d80   Section        0  lcd.o(i.lcd_init)
    i.lcd_opt_delay                          0x080061e8   Section        0  lcd.o(i.lcd_opt_delay)
    lcd_opt_delay                            0x080061e9   Thumb Code    12  lcd.o(i.lcd_opt_delay)
    i.lcd_pow                                0x080061f4   Section        0  lcd.o(i.lcd_pow)
    lcd_pow                                  0x080061f5   Thumb Code    22  lcd.o(i.lcd_pow)
    i.lcd_rd_data                            0x0800620c   Section        0  lcd.o(i.lcd_rd_data)
    lcd_rd_data                              0x0800620d   Thumb Code    20  lcd.o(i.lcd_rd_data)
    i.lcd_scan_dir                           0x08006224   Section        0  lcd.o(i.lcd_scan_dir)
    i.lcd_set_cursor                         0x08006460   Section        0  lcd.o(i.lcd_set_cursor)
    i.lcd_show_char                          0x08006580   Section        0  lcd.o(i.lcd_show_char)
    i.lcd_show_string                        0x080066c0   Section        0  lcd.o(i.lcd_show_string)
    i.lcd_show_xnum                          0x0800672a   Section        0  lcd.o(i.lcd_show_xnum)
    i.lcd_ssd_backlight_set                  0x080067f0   Section        0  lcd.o(i.lcd_ssd_backlight_set)
    i.lcd_wr_data                            0x08006844   Section        0  lcd.o(i.lcd_wr_data)
    i.lcd_wr_regno                           0x0800685c   Section        0  lcd.o(i.lcd_wr_regno)
    i.lcd_write_ram_prepare                  0x08006874   Section        0  lcd.o(i.lcd_write_ram_prepare)
    i.lcd_write_reg                          0x08006888   Section        0  lcd.o(i.lcd_write_reg)
    i.led_init                               0x08006898   Section        0  led.o(i.led_init)
    i.main                                   0x08006928   Section        0  main.o(i.main)
    i.sys_stm32_clock_init                   0x08006cdc   Section        0  sys.o(i.sys_stm32_clock_init)
    i.usart_init                             0x08006d44   Section        0  usart.o(i.usart_init)
    .constdata                               0x08006d7c   Section       24  system_stm32f1xx.o(.constdata)
    .constdata                               0x08006d94   Section    12160  lcd.o(.constdata)
    .constdata                               0x08009d14   Section     1124  adc.o(.constdata)
    .data                                    0x20000000   Section        4  system_stm32f1xx.o(.data)
    .data                                    0x20000004   Section        4  delay.o(.data)
    g_fac_us                                 0x20000004   Data           4  delay.o(.data)
    .data                                    0x20000008   Section        7  usart.o(.data)
    .data                                    0x20000010   Section        9  stm32f1xx_hal.o(.data)
    .data                                    0x2000001c   Section        8  lcd.o(.data)
    .data                                    0x20000024   Section        2  exti.o(.data)
    .data                                    0x20000026   Section        1  key.o(.data)
    key_up                                   0x20000026   Data           1  key.o(.data)
    .bss                                     0x20000028   Section      264  usart.o(.bss)
    .bss                                     0x20000130   Section       86  lcd.o(.bss)
    .bss                                     0x20000188   Section       48  adc.o(.bss)
    STACK                                    0x200001b8   Section     1024  startup_stm32f103xe.o(STACK)

    Global Symbols

    Symbol Name                              Value     Ov Type        Size  Object(Section)

    BuildAttributes$$THM_ISAv4$P$D$K$B$S$PE$A:L22UL41UL21$X:L11$S22US41US21$IEEE1$IW$USESV6$~STKCKD$USESV7$~SHL$OTIME$ROPI$EBA8$MICROLIB$REQ8$PRES8$EABIv2 0x00000000   Number         0  anon$$obj.o ABSOLUTE
    __ARM_use_no_argv                        0x00000000   Number         0  main.o ABSOLUTE
    __use_no_errno                           0x00000000   Number         0  useno.o ABSOLUTE
    __use_no_exception_handling              0x00000000   Number         0  useno.o ABSOLUTE
    __use_no_fp                              0x00000000   Number         0  useno.o ABSOLUTE
    __use_no_heap                            0x00000000   Number         0  useno.o ABSOLUTE
    __use_no_heap_region                     0x00000000   Number         0  useno.o ABSOLUTE
    __use_no_semihosting                     0x00000000   Number         0  useno.o ABSOLUTE
    __use_no_semihosting_swi                 0x00000000   Number         0  useno.o ABSOLUTE
    __use_no_signal_handling                 0x00000000   Number         0  useno.o ABSOLUTE
    _printf_a                                0x00000000   Number         0  stubs.o ABSOLUTE
    _printf_c                                0x00000000   Number         0  stubs.o ABSOLUTE
    _printf_charcount                        0x00000000   Number         0  stubs.o ABSOLUTE
    _printf_d                                0x00000000   Number         0  stubs.o ABSOLUTE
    _printf_e                                0x00000000   Number         0  stubs.o ABSOLUTE
    _printf_f                                0x00000000   Number         0  stubs.o ABSOLUTE
    _printf_flags                            0x00000000   Number         0  stubs.o ABSOLUTE
    _printf_fp_dec                           0x00000000   Number         0  stubs.o ABSOLUTE
    _printf_fp_hex                           0x00000000   Number         0  stubs.o ABSOLUTE
    _printf_g                                0x00000000   Number         0  stubs.o ABSOLUTE
    _printf_i                                0x00000000   Number         0  stubs.o ABSOLUTE
    _printf_int_dec                          0x00000000   Number         0  stubs.o ABSOLUTE
    _printf_l                                0x00000000   Number         0  stubs.o ABSOLUTE
    _printf_lc                               0x00000000   Number         0  stubs.o ABSOLUTE
    _printf_ll                               0x00000000   Number         0  stubs.o ABSOLUTE
    _printf_lld                              0x00000000   Number         0  stubs.o ABSOLUTE
    _printf_lli                              0x00000000   Number         0  stubs.o ABSOLUTE
    _printf_llo                              0x00000000   Number         0  stubs.o ABSOLUTE
    _printf_llu                              0x00000000   Number         0  stubs.o ABSOLUTE
    _printf_llx                              0x00000000   Number         0  stubs.o ABSOLUTE
    _printf_longlong_dec                     0x00000000   Number         0  stubs.o ABSOLUTE
    _printf_longlong_hex                     0x00000000   Number         0  stubs.o ABSOLUTE
    _printf_longlong_oct                     0x00000000   Number         0  stubs.o ABSOLUTE
    _printf_ls                               0x00000000   Number         0  stubs.o ABSOLUTE
    _printf_mbtowc                           0x00000000   Number         0  stubs.o ABSOLUTE
    _printf_n                                0x00000000   Number         0  stubs.o ABSOLUTE
    _printf_o                                0x00000000   Number         0  stubs.o ABSOLUTE
    _printf_p                                0x00000000   Number         0  stubs.o ABSOLUTE
    _printf_percent                          0x00000000   Number         0  stubs.o ABSOLUTE
    _printf_pre_padding                      0x00000000   Number         0  stubs.o ABSOLUTE
    _printf_return_value                     0x00000000   Number         0  stubs.o ABSOLUTE
    _printf_s                                0x00000000   Number         0  stubs.o ABSOLUTE
    _printf_sizespec                         0x00000000   Number         0  stubs.o ABSOLUTE
    _printf_str                              0x00000000   Number         0  stubs.o ABSOLUTE
    _printf_truncate_signed                  0x00000000   Number         0  stubs.o ABSOLUTE
    _printf_truncate_unsigned                0x00000000   Number         0  stubs.o ABSOLUTE
    _printf_u                                0x00000000   Number         0  stubs.o ABSOLUTE
    _printf_wc                               0x00000000   Number         0  stubs.o ABSOLUTE
    _printf_wctomb                           0x00000000   Number         0  stubs.o ABSOLUTE
    _printf_widthprec                        0x00000000   Number         0  stubs.o ABSOLUTE
    _printf_x                                0x00000000   Number         0  stubs.o ABSOLUTE
    __cpp_initialize__aeabi_                  - Undefined Weak Reference
    __cxa_finalize                            - Undefined Weak Reference
    __decompress                              - Undefined Weak Reference
    _clock_init                               - Undefined Weak Reference
    _microlib_exit                            - Undefined Weak Reference
    __Vectors_Size                           0x00000130   Number         0  startup_stm32f103xe.o ABSOLUTE
    __Vectors                                0x08000000   Data           4  startup_stm32f103xe.o(RESET)
    __Vectors_End                            0x08000130   Data           0  startup_stm32f103xe.o(RESET)
    __main                                   0x08000131   Thumb Code     0  entry.o(.ARM.Collect$$$$00000000)
    _main_stk                                0x08000131   Thumb Code     0  entry2.o(.ARM.Collect$$$$00000001)
    _main_scatterload                        0x08000135   Thumb Code     0  entry5.o(.ARM.Collect$$$$00000004)
    __main_after_scatterload                 0x08000139   Thumb Code     0  entry5.o(.ARM.Collect$$$$00000004)
    _main_clock                              0x08000139   Thumb Code     0  entry7b.o(.ARM.Collect$$$$00000008)
    _main_cpp_init                           0x08000139   Thumb Code     0  entry8b.o(.ARM.Collect$$$$0000000A)
    _main_init                               0x08000139   Thumb Code     0  entry9a.o(.ARM.Collect$$$$0000000B)
    __rt_final_cpp                           0x08000141   Thumb Code     0  entry10a.o(.ARM.Collect$$$$0000000D)
    __rt_final_exit                          0x08000141   Thumb Code     0  entry11a.o(.ARM.Collect$$$$0000000F)
    Reset_Handler                            0x08000145   Thumb Code     8  startup_stm32f103xe.o(.text)
    ADC1_2_IRQHandler                        0x0800015f   Thumb Code     0  startup_stm32f103xe.o(.text)
    ADC3_IRQHandler                          0x0800015f   Thumb Code     0  startup_stm32f103xe.o(.text)
    CAN1_RX1_IRQHandler                      0x0800015f   Thumb Code     0  startup_stm32f103xe.o(.text)
    CAN1_SCE_IRQHandler                      0x0800015f   Thumb Code     0  startup_stm32f103xe.o(.text)
    DMA1_Channel1_IRQHandler                 0x0800015f   Thumb Code     0  startup_stm32f103xe.o(.text)
    DMA1_Channel2_IRQHandler                 0x0800015f   Thumb Code     0  startup_stm32f103xe.o(.text)
    DMA1_Channel3_IRQHandler                 0x0800015f   Thumb Code     0  startup_stm32f103xe.o(.text)
    DMA1_Channel4_IRQHandler                 0x0800015f   Thumb Code     0  startup_stm32f103xe.o(.text)
    DMA1_Channel5_IRQHandler                 0x0800015f   Thumb Code     0  startup_stm32f103xe.o(.text)
    DMA1_Channel6_IRQHandler                 0x0800015f   Thumb Code     0  startup_stm32f103xe.o(.text)
    DMA1_Channel7_IRQHandler                 0x0800015f   Thumb Code     0  startup_stm32f103xe.o(.text)
    DMA2_Channel1_IRQHandler                 0x0800015f   Thumb Code     0  startup_stm32f103xe.o(.text)
    DMA2_Channel2_IRQHandler                 0x0800015f   Thumb Code     0  startup_stm32f103xe.o(.text)
    DMA2_Channel3_IRQHandler                 0x0800015f   Thumb Code     0  startup_stm32f103xe.o(.text)
    DMA2_Channel4_5_IRQHandler               0x0800015f   Thumb Code     0  startup_stm32f103xe.o(.text)
    EXTI15_10_IRQHandler                     0x0800015f   Thumb Code     0  startup_stm32f103xe.o(.text)
    EXTI1_IRQHandler                         0x0800015f   Thumb Code     0  startup_stm32f103xe.o(.text)
    EXTI2_IRQHandler                         0x0800015f   Thumb Code     0  startup_stm32f103xe.o(.text)
    EXTI9_5_IRQHandler                       0x0800015f   Thumb Code     0  startup_stm32f103xe.o(.text)
    FLASH_IRQHandler                         0x0800015f   Thumb Code     0  startup_stm32f103xe.o(.text)
    FSMC_IRQHandler                          0x0800015f   Thumb Code     0  startup_stm32f103xe.o(.text)
    I2C1_ER_IRQHandler                       0x0800015f   Thumb Code     0  startup_stm32f103xe.o(.text)
    I2C1_EV_IRQHandler                       0x0800015f   Thumb Code     0  startup_stm32f103xe.o(.text)
    I2C2_ER_IRQHandler                       0x0800015f   Thumb Code     0  startup_stm32f103xe.o(.text)
    I2C2_EV_IRQHandler                       0x0800015f   Thumb Code     0  startup_stm32f103xe.o(.text)
    PVD_IRQHandler                           0x0800015f   Thumb Code     0  startup_stm32f103xe.o(.text)
    RCC_IRQHandler                           0x0800015f   Thumb Code     0  startup_stm32f103xe.o(.text)
    RTC_Alarm_IRQHandler                     0x0800015f   Thumb Code     0  startup_stm32f103xe.o(.text)
    RTC_IRQHandler                           0x0800015f   Thumb Code     0  startup_stm32f103xe.o(.text)
    SDIO_IRQHandler                          0x0800015f   Thumb Code     0  startup_stm32f103xe.o(.text)
    SPI1_IRQHandler                          0x0800015f   Thumb Code     0  startup_stm32f103xe.o(.text)
    SPI2_IRQHandler                          0x0800015f   Thumb Code     0  startup_stm32f103xe.o(.text)
    SPI3_IRQHandler                          0x0800015f   Thumb Code     0  startup_stm32f103xe.o(.text)
    TAMPER_IRQHandler                        0x0800015f   Thumb Code     0  startup_stm32f103xe.o(.text)
    TIM1_BRK_IRQHandler                      0x0800015f   Thumb Code     0  startup_stm32f103xe.o(.text)
    TIM1_CC_IRQHandler                       0x0800015f   Thumb Code     0  startup_stm32f103xe.o(.text)
    TIM1_TRG_COM_IRQHandler                  0x0800015f   Thumb Code     0  startup_stm32f103xe.o(.text)
    TIM1_UP_IRQHandler                       0x0800015f   Thumb Code     0  startup_stm32f103xe.o(.text)
    TIM2_IRQHandler                          0x0800015f   Thumb Code     0  startup_stm32f103xe.o(.text)
    TIM3_IRQHandler                          0x0800015f   Thumb Code     0  startup_stm32f103xe.o(.text)
    TIM4_IRQHandler                          0x0800015f   Thumb Code     0  startup_stm32f103xe.o(.text)
    TIM5_IRQHandler                          0x0800015f   Thumb Code     0  startup_stm32f103xe.o(.text)
    TIM6_IRQHandler                          0x0800015f   Thumb Code     0  startup_stm32f103xe.o(.text)
    TIM7_IRQHandler                          0x0800015f   Thumb Code     0  startup_stm32f103xe.o(.text)
    TIM8_BRK_IRQHandler                      0x0800015f   Thumb Code     0  startup_stm32f103xe.o(.text)
    TIM8_CC_IRQHandler                       0x0800015f   Thumb Code     0  startup_stm32f103xe.o(.text)
    TIM8_TRG_COM_IRQHandler                  0x0800015f   Thumb Code     0  startup_stm32f103xe.o(.text)
    TIM8_UP_IRQHandler                       0x0800015f   Thumb Code     0  startup_stm32f103xe.o(.text)
    UART4_IRQHandler                         0x0800015f   Thumb Code     0  startup_stm32f103xe.o(.text)
    UART5_IRQHandler                         0x0800015f   Thumb Code     0  startup_stm32f103xe.o(.text)
    USART2_IRQHandler                        0x0800015f   Thumb Code     0  startup_stm32f103xe.o(.text)
    USART3_IRQHandler                        0x0800015f   Thumb Code     0  startup_stm32f103xe.o(.text)
    USBWakeUp_IRQHandler                     0x0800015f   Thumb Code     0  startup_stm32f103xe.o(.text)
    USB_HP_CAN1_TX_IRQHandler                0x0800015f   Thumb Code     0  startup_stm32f103xe.o(.text)
    USB_LP_CAN1_RX0_IRQHandler               0x0800015f   Thumb Code     0  startup_stm32f103xe.o(.text)
    WWDG_IRQHandler                          0x0800015f   Thumb Code     0  startup_stm32f103xe.o(.text)
    __aeabi_memset                           0x08000169   Thumb Code    14  memseta.o(.text)
    __aeabi_memset4                          0x08000169   Thumb Code     0  memseta.o(.text)
    __aeabi_memset8                          0x08000169   Thumb Code     0  memseta.o(.text)
    __aeabi_memclr                           0x08000177   Thumb Code     4  memseta.o(.text)
    __aeabi_memclr4                          0x08000177   Thumb Code     0  memseta.o(.text)
    __aeabi_memclr8                          0x08000177   Thumb Code     0  memseta.o(.text)
    _memset$wrapper                          0x0800017b   Thumb Code    18  memseta.o(.text)
    __aeabi_dadd                             0x0800018d   Thumb Code   322  dadd.o(.text)
    __aeabi_dsub                             0x080002cf   Thumb Code     6  dadd.o(.text)
    __aeabi_drsub                            0x080002d5   Thumb Code     6  dadd.o(.text)
    __aeabi_dmul                             0x080002db   Thumb Code   228  dmul.o(.text)
    __aeabi_ddiv                             0x080003bf   Thumb Code   222  ddiv.o(.text)
    __aeabi_ui2f                             0x0800049d   Thumb Code    10  ffltui.o(.text)
    __aeabi_ui2d                             0x080004a7   Thumb Code    26  dfltui.o(.text)
    __aeabi_d2uiz                            0x080004c1   Thumb Code    50  dfixui.o(.text)
    __aeabi_f2d                              0x080004f3   Thumb Code    38  f2d.o(.text)
    __aeabi_d2f                              0x08000519   Thumb Code    56  d2f.o(.text)
    __aeabi_uldivmod                         0x08000551   Thumb Code    98  uldiv.o(.text)
    __aeabi_llsl                             0x080005b3   Thumb Code    30  llshl.o(.text)
    _ll_shift_l                              0x080005b3   Thumb Code     0  llshl.o(.text)
    __aeabi_llsr                             0x080005d1   Thumb Code    32  llushr.o(.text)
    _ll_ushift_r                             0x080005d1   Thumb Code     0  llushr.o(.text)
    __aeabi_lasr                             0x080005f1   Thumb Code    36  llsshr.o(.text)
    _ll_sshift_r                             0x080005f1   Thumb Code     0  llsshr.o(.text)
    __I$use$fp                               0x08000615   Thumb Code     0  iusefp.o(.text)
    _float_round                             0x08000615   Thumb Code    18  fepilogue.o(.text)
    _float_epilogue                          0x08000627   Thumb Code    92  fepilogue.o(.text)
    _double_round                            0x08000683   Thumb Code    30  depilogue.o(.text)
    _double_epilogue                         0x080006a1   Thumb Code   156  depilogue.o(.text)
    __scatterload                            0x0800073d   Thumb Code    28  init.o(.text)
    __scatterload_rt2                        0x0800073d   Thumb Code     0  init.o(.text)
    ADC_ConversionStop_Disable               0x08000761   Thumb Code    82  stm32f1xx_hal_adc.o(i.ADC_ConversionStop_Disable)
    ADC_Enable                               0x080007b5   Thumb Code   122  stm32f1xx_hal_adc.o(i.ADC_Enable)
    BusFault_Handler                         0x08000839   Thumb Code     4  stm32f1xx_it.o(i.BusFault_Handler)
    DebugMon_Handler                         0x0800083d   Thumb Code     2  stm32f1xx_it.o(i.DebugMon_Handler)
    EXTI0_IRQHandler                         0x08000841   Thumb Code    16  exti.o(i.EXTI0_IRQHandler)
    EXTI3_IRQHandler                         0x08000855   Thumb Code    16  exti.o(i.EXTI3_IRQHandler)
    EXTI4_IRQHandler                         0x08000869   Thumb Code    16  exti.o(i.EXTI4_IRQHandler)
    FSMC_NORSRAM_Extended_Timing_Init        0x0800087d   Thumb Code    62  stm32f1xx_ll_fsmc.o(i.FSMC_NORSRAM_Extended_Timing_Init)
    FSMC_NORSRAM_Init                        0x080008c1   Thumb Code   116  stm32f1xx_ll_fsmc.o(i.FSMC_NORSRAM_Init)
    FSMC_NORSRAM_Timing_Init                 0x08000939   Thumb Code    66  stm32f1xx_ll_fsmc.o(i.FSMC_NORSRAM_Timing_Init)
    GetLux                                   0x0800097d   Thumb Code    42  adc.o(i.GetLux)
    HAL_ADCEx_Calibration_Start              0x080009ad   Thumb Code   256  stm32f1xx_hal_adc_ex.o(i.HAL_ADCEx_Calibration_Start)
    HAL_ADC_ConfigChannel                    0x08000ab1   Thumb Code   338  stm32f1xx_hal_adc.o(i.HAL_ADC_ConfigChannel)
    HAL_ADC_GetValue                         0x08000c11   Thumb Code     8  stm32f1xx_hal_adc.o(i.HAL_ADC_GetValue)
    HAL_ADC_Init                             0x08000c19   Thumb Code   340  stm32f1xx_hal_adc.o(i.HAL_ADC_Init)
    HAL_ADC_MspInit                          0x08000d79   Thumb Code   120  adc.o(i.HAL_ADC_MspInit)
    HAL_ADC_PollForConversion                0x08000dfd   Thumb Code   350  stm32f1xx_hal_adc.o(i.HAL_ADC_PollForConversion)
    HAL_ADC_Start                            0x08000f6d   Thumb Code   294  stm32f1xx_hal_adc.o(i.HAL_ADC_Start)
    HAL_DMA_Abort_IT                         0x0800109d   Thumb Code   414  stm32f1xx_hal_dma.o(i.HAL_DMA_Abort_IT)
    HAL_GPIO_EXTI_Callback                   0x08001245   Thumb Code   100  exti.o(i.HAL_GPIO_EXTI_Callback)
    HAL_GPIO_EXTI_IRQHandler                 0x080012bd   Thumb Code    24  stm32f1xx_hal_gpio.o(i.HAL_GPIO_EXTI_IRQHandler)
    HAL_GPIO_Init                            0x080012d9   Thumb Code   792  stm32f1xx_hal_gpio.o(i.HAL_GPIO_Init)
    HAL_GPIO_ReadPin                         0x08001619   Thumb Code    16  stm32f1xx_hal_gpio.o(i.HAL_GPIO_ReadPin)
    HAL_GPIO_TogglePin                       0x08001629   Thumb Code    20  stm32f1xx_hal_gpio.o(i.HAL_GPIO_TogglePin)
    HAL_GPIO_WritePin                        0x0800163d   Thumb Code    12  stm32f1xx_hal_gpio.o(i.HAL_GPIO_WritePin)
    HAL_GetTick                              0x08001649   Thumb Code     6  stm32f1xx_hal.o(i.HAL_GetTick)
    HAL_IncTick                              0x08001655   Thumb Code    16  stm32f1xx_hal.o(i.HAL_IncTick)
    HAL_Init                                 0x0800166d   Thumb Code    34  stm32f1xx_hal.o(i.HAL_Init)
    HAL_InitTick                             0x08001695   Thumb Code    64  stm32f1xx_hal.o(i.HAL_InitTick)
    HAL_MspInit                              0x080016e1   Thumb Code     2  stm32f1xx_hal.o(i.HAL_MspInit)
    HAL_NVIC_EnableIRQ                       0x080016e3   Thumb Code    32  stm32f1xx_hal_cortex.o(i.HAL_NVIC_EnableIRQ)
    HAL_NVIC_SetPriority                     0x08001703   Thumb Code   124  stm32f1xx_hal_cortex.o(i.HAL_NVIC_SetPriority)
    HAL_NVIC_SetPriorityGrouping             0x08001781   Thumb Code    32  stm32f1xx_hal_cortex.o(i.HAL_NVIC_SetPriorityGrouping)
    HAL_RCCEx_GetPeriphCLKFreq               0x080017a9   Thumb Code   276  stm32f1xx_hal_rcc_ex.o(i.HAL_RCCEx_GetPeriphCLKFreq)
    HAL_RCCEx_PeriphCLKConfig                0x080018dd   Thumb Code   290  stm32f1xx_hal_rcc_ex.o(i.HAL_RCCEx_PeriphCLKConfig)
    HAL_RCC_ClockConfig                      0x08001a0d   Thumb Code   376  stm32f1xx_hal_rcc.o(i.HAL_RCC_ClockConfig)
    HAL_RCC_GetHCLKFreq                      0x08001b99   Thumb Code     6  stm32f1xx_hal_rcc.o(i.HAL_RCC_GetHCLKFreq)
    HAL_RCC_GetPCLK1Freq                     0x08001ba5   Thumb Code    22  stm32f1xx_hal_rcc.o(i.HAL_RCC_GetPCLK1Freq)
    HAL_RCC_GetPCLK2Freq                     0x08001bc5   Thumb Code    22  stm32f1xx_hal_rcc.o(i.HAL_RCC_GetPCLK2Freq)
    HAL_RCC_GetSysClockFreq                  0x08001be5   Thumb Code   116  stm32f1xx_hal_rcc.o(i.HAL_RCC_GetSysClockFreq)
    HAL_RCC_OscConfig                        0x08001c79   Thumb Code  1114  stm32f1xx_hal_rcc.o(i.HAL_RCC_OscConfig)
    HAL_SRAM_Init                            0x080020dd   Thumb Code   102  stm32f1xx_hal_sram.o(i.HAL_SRAM_Init)
    HAL_SRAM_MspInit                         0x08002145   Thumb Code   130  lcd.o(i.HAL_SRAM_MspInit)
    HAL_SYSTICK_Config                       0x080021d5   Thumb Code    52  stm32f1xx_hal_cortex.o(i.HAL_SYSTICK_Config)
    HAL_UART_ErrorCallback                   0x08002209   Thumb Code     2  stm32f1xx_hal_uart.o(i.HAL_UART_ErrorCallback)
    HAL_UART_IRQHandler                      0x0800220d   Thumb Code   334  stm32f1xx_hal_uart.o(i.HAL_UART_IRQHandler)
    HAL_UART_Init                            0x08002361   Thumb Code   114  stm32f1xx_hal_uart.o(i.HAL_UART_Init)
    HAL_UART_MspInit                         0x080023d5   Thumb Code   168  usart.o(i.HAL_UART_MspInit)
    HAL_UART_Receive_IT                      0x08002489   Thumb Code   112  stm32f1xx_hal_uart.o(i.HAL_UART_Receive_IT)
    HAL_UART_RxCpltCallback                  0x080024f9   Thumb Code   134  usart.o(i.HAL_UART_RxCpltCallback)
    HAL_UART_TxCpltCallback                  0x08002595   Thumb Code     2  stm32f1xx_hal_uart.o(i.HAL_UART_TxCpltCallback)
    HardFault_Handler                        0x08002597   Thumb Code     4  stm32f1xx_it.o(i.HardFault_Handler)
    MemManage_Handler                        0x0800259b   Thumb Code     4  stm32f1xx_it.o(i.MemManage_Handler)
    NMI_Handler                              0x0800259f   Thumb Code     2  stm32f1xx_it.o(i.NMI_Handler)
    PendSV_Handler                           0x080025a1   Thumb Code     2  stm32f1xx_it.o(i.PendSV_Handler)
    SVC_Handler                              0x080025cd   Thumb Code     2  stm32f1xx_it.o(i.SVC_Handler)
    SysTick_Handler                          0x080025cf   Thumb Code     8  stm32f1xx_it.o(i.SysTick_Handler)
    SystemInit                               0x080025d7   Thumb Code     2  system_stm32f1xx.o(i.SystemInit)
    USART1_IRQHandler                        0x08002829   Thumb Code    10  usart.o(i.USART1_IRQHandler)
    UsageFault_Handler                       0x08002839   Thumb Code     4  stm32f1xx_it.o(i.UsageFault_Handler)
    __0printf$8                              0x0800283d   Thumb Code    22  printf8.o(i.__0printf$8)
    __1printf$8                              0x0800283d   Thumb Code     0  printf8.o(i.__0printf$8)
    __2printf                                0x0800283d   Thumb Code     0  printf8.o(i.__0printf$8)
    __0sprintf$8                             0x0800285d   Thumb Code    34  printf8.o(i.__0sprintf$8)
    __1sprintf$8                             0x0800285d   Thumb Code     0  printf8.o(i.__0sprintf$8)
    __2sprintf                               0x0800285d   Thumb Code     0  printf8.o(i.__0sprintf$8)
    __scatterload_copy                       0x080028bd   Thumb Code    14  handlers.o(i.__scatterload_copy)
    __scatterload_null                       0x080028cb   Thumb Code     2  handlers.o(i.__scatterload_null)
    __scatterload_zeroinit                   0x080028cd   Thumb Code    14  handlers.o(i.__scatterload_zeroinit)
    adc_channel_set                          0x08002d49   Thumb Code    26  adc.o(i.adc_channel_set)
    adc_get_result                           0x08002d65   Thumb Code    40  adc.o(i.adc_get_result)
    adc_get_result_average                   0x08002d91   Thumb Code    44  adc.o(i.adc_get_result_average)
    adc_init                                 0x08002dbd   Thumb Code    48  adc.o(i.adc_init)
    at24cxx_init                             0x08002df5   Thumb Code     8  24cxx.o(i.at24cxx_init)
    at24cxx_read                             0x08002dfd   Thumb Code    36  24cxx.o(i.at24cxx_read)
    at24cxx_read_one_byte                    0x08002e21   Thumb Code    82  24cxx.o(i.at24cxx_read_one_byte)
    at24cxx_write                            0x08002e73   Thumb Code    36  24cxx.o(i.at24cxx_write)
    at24cxx_write_one_byte                   0x08002e97   Thumb Code    74  24cxx.o(i.at24cxx_write_one_byte)
    delay_init                               0x08002ee1   Thumb Code     6  delay.o(i.delay_init)
    delay_ms                                 0x08002eed   Thumb Code    18  delay.o(i.delay_ms)
    delay_us                                 0x08002f01   Thumb Code    68  delay.o(i.delay_us)
    fputc                                    0x08002f49   Thumb Code    24  usart.o(i.fputc)
    iic_ack                                  0x08002f65   Thumb Code    76  myiic.o(i.iic_ack)
    iic_init                                 0x08002fc1   Thumb Code   112  myiic.o(i.iic_init)
    iic_nack                                 0x08003039   Thumb Code    58  myiic.o(i.iic_nack)
    iic_read_byte                            0x08003079   Thumb Code    88  myiic.o(i.iic_read_byte)
    iic_send_byte                            0x080030d5   Thumb Code   102  myiic.o(i.iic_send_byte)
    iic_start                                0x08003141   Thumb Code    72  myiic.o(i.iic_start)
    iic_stop                                 0x0800318d   Thumb Code    58  myiic.o(i.iic_stop)
    iic_wait_ack                             0x080031cd   Thumb Code    96  myiic.o(i.iic_wait_ack)
    key_init                                 0x08003231   Thumb Code   172  key.o(i.key_init)
    key_scan                                 0x080032e9   Thumb Code   148  key.o(i.key_scan)
    lcd_clear                                0x08003389   Thumb Code    42  lcd.o(i.lcd_clear)
    lcd_display_dir                          0x080033bd   Thumb Code   360  lcd.o(i.lcd_display_dir)
    lcd_draw_point                           0x08003529   Thumb Code    26  lcd.o(i.lcd_draw_point)
    lcd_ex_ili9341_reginit                   0x08003549   Thumb Code   556  lcd.o(i.lcd_ex_ili9341_reginit)
    lcd_ex_ili9806_reginit                   0x08003775   Thumb Code   832  lcd.o(i.lcd_ex_ili9806_reginit)
    lcd_ex_nt35310_reginit                   0x08003ab5   Thumb Code  3826  lcd.o(i.lcd_ex_nt35310_reginit)
    lcd_ex_nt35510_reginit                   0x080049a7   Thumb Code  3836  lcd.o(i.lcd_ex_nt35510_reginit)
    lcd_ex_ssd1963_reginit                   0x080058a3   Thumb Code   366  lcd.o(i.lcd_ex_ssd1963_reginit)
    lcd_ex_st7789_reginit                    0x08005a11   Thumb Code   424  lcd.o(i.lcd_ex_st7789_reginit)
    lcd_ex_st7796_reginit                    0x08005bb9   Thumb Code   454  lcd.o(i.lcd_ex_st7796_reginit)
    lcd_init                                 0x08005d81   Thumb Code  1120  lcd.o(i.lcd_init)
    lcd_scan_dir                             0x08006225   Thumb Code   568  lcd.o(i.lcd_scan_dir)
    lcd_set_cursor                           0x08006461   Thumb Code   282  lcd.o(i.lcd_set_cursor)
    lcd_show_char                            0x08006581   Thumb Code   294  lcd.o(i.lcd_show_char)
    lcd_show_string                          0x080066c1   Thumb Code   106  lcd.o(i.lcd_show_string)
    lcd_show_xnum                            0x0800672b   Thumb Code   198  lcd.o(i.lcd_show_xnum)
    lcd_ssd_backlight_set                    0x080067f1   Thumb Code    80  lcd.o(i.lcd_ssd_backlight_set)
    lcd_wr_data                              0x08006845   Thumb Code    18  lcd.o(i.lcd_wr_data)
    lcd_wr_regno                             0x0800685d   Thumb Code    18  lcd.o(i.lcd_wr_regno)
    lcd_write_ram_prepare                    0x08006875   Thumb Code    10  lcd.o(i.lcd_write_ram_prepare)
    lcd_write_reg                            0x08006889   Thumb Code    10  lcd.o(i.lcd_write_reg)
    led_init                                 0x08006899   Thumb Code   132  led.o(i.led_init)
    main                                     0x08006929   Thumb Code   828  main.o(i.main)
    sys_stm32_clock_init                     0x08006cdd   Thumb Code   102  sys.o(i.sys_stm32_clock_init)
    usart_init                               0x08006d45   Thumb Code    44  usart.o(i.usart_init)
    AHBPrescTable                            0x08006d7c   Data          16  system_stm32f1xx.o(.constdata)
    APBPrescTable                            0x08006d8c   Data           8  system_stm32f1xx.o(.constdata)
    asc2_1206                                0x08006d94   Data        1140  lcd.o(.constdata)
    asc2_1608                                0x08007208   Data        1520  lcd.o(.constdata)
    asc2_2412                                0x080077f8   Data        3420  lcd.o(.constdata)
    asc2_3216                                0x08008554   Data        6080  lcd.o(.constdata)
    GL5528                                   0x08009d14   Data        1124  adc.o(.constdata)
    Region$$Table$$Base                      0x0800a178   Number         0  anon$$obj.o(Region$$Table)
    Region$$Table$$Limit                     0x0800a198   Number         0  anon$$obj.o(Region$$Table)
    SystemCoreClock                          0x20000000   Data           4  system_stm32f1xx.o(.data)
    __stdout                                 0x20000008   Data           4  usart.o(.data)
    g_usart_rx_sta                           0x2000000c   Data           2  usart.o(.data)
    g_rx_buffer                              0x2000000e   Data           1  usart.o(.data)
    uwTick                                   0x20000010   Data           4  stm32f1xx_hal.o(.data)
    uwTickPrio                               0x20000014   Data           4  stm32f1xx_hal.o(.data)
    uwTickFreq                               0x20000018   Data           1  stm32f1xx_hal.o(.data)
    g_point_color                            0x2000001c   Data           4  lcd.o(.data)
    g_back_color                             0x20000020   Data           4  lcd.o(.data)
    key0_flag                                0x20000024   Data           1  exti.o(.data)
    key1_flag                                0x20000025   Data           1  exti.o(.data)
    g_usart_rx_buf                           0x20000028   Data         200  usart.o(.bss)
    g_uart1_handle                           0x200000f0   Data          64  usart.o(.bss)
    g_sram_handle                            0x20000130   Data          72  lcd.o(.bss)
    lcddev                                   0x20000178   Data          14  lcd.o(.bss)
    g_adc_handle                             0x20000188   Data          48  adc.o(.bss)
    __initial_sp                             0x200005b8   Data           0  startup_stm32f103xe.o(STACK)



==============================================================================

Memory Map of the image

  Image Entry point : 0x08000131

  Load Region LR_IROM1 (Base: 0x08000000, Size: 0x0000a1c0, Max: 0x00080000, ABSOLUTE)

    Execution Region ER_IROM1 (Exec base: 0x08000000, Load base: 0x08000000, Size: 0x0000a198, Max: 0x00080000, ABSOLUTE)

    Exec Addr    Load Addr    Size         Type   Attr      Idx    E Section Name        Object

    0x08000000   0x08000000   0x00000130   Data   RO            3    RESET               startup_stm32f103xe.o
    0x08000130   0x08000130   0x00000000   Code   RO         3178  * .ARM.Collect$$$$00000000  mc_w.l(entry.o)
    0x08000130   0x08000130   0x00000004   Code   RO         3460    .ARM.Collect$$$$00000001  mc_w.l(entry2.o)
    0x08000134   0x08000134   0x00000004   Code   RO         3463    .ARM.Collect$$$$00000004  mc_w.l(entry5.o)
    0x08000138   0x08000138   0x00000000   Code   RO         3465    .ARM.Collect$$$$00000008  mc_w.l(entry7b.o)
    0x08000138   0x08000138   0x00000000   Code   RO         3467    .ARM.Collect$$$$0000000A  mc_w.l(entry8b.o)
    0x08000138   0x08000138   0x00000008   Code   RO         3468    .ARM.Collect$$$$0000000B  mc_w.l(entry9a.o)
    0x08000140   0x08000140   0x00000000   Code   RO         3470    .ARM.Collect$$$$0000000D  mc_w.l(entry10a.o)
    0x08000140   0x08000140   0x00000000   Code   RO         3472    .ARM.Collect$$$$0000000F  mc_w.l(entry11a.o)
    0x08000140   0x08000140   0x00000004   Code   RO         3461    .ARM.Collect$$$$00002712  mc_w.l(entry2.o)
    0x08000144   0x08000144   0x00000024   Code   RO            4    .text               startup_stm32f103xe.o
    0x08000168   0x08000168   0x00000024   Code   RO         3181    .text               mc_w.l(memseta.o)
    0x0800018c   0x0800018c   0x0000014e   Code   RO         3444    .text               mf_w.l(dadd.o)
    0x080002da   0x080002da   0x000000e4   Code   RO         3446    .text               mf_w.l(dmul.o)
    0x080003be   0x080003be   0x000000de   Code   RO         3448    .text               mf_w.l(ddiv.o)
    0x0800049c   0x0800049c   0x0000000a   Code   RO         3450    .text               mf_w.l(ffltui.o)
    0x080004a6   0x080004a6   0x0000001a   Code   RO         3452    .text               mf_w.l(dfltui.o)
    0x080004c0   0x080004c0   0x00000032   Code   RO         3454    .text               mf_w.l(dfixui.o)
    0x080004f2   0x080004f2   0x00000026   Code   RO         3456    .text               mf_w.l(f2d.o)
    0x08000518   0x08000518   0x00000038   Code   RO         3458    .text               mf_w.l(d2f.o)
    0x08000550   0x08000550   0x00000062   Code   RO         3476    .text               mc_w.l(uldiv.o)
    0x080005b2   0x080005b2   0x0000001e   Code   RO         3478    .text               mc_w.l(llshl.o)
    0x080005d0   0x080005d0   0x00000020   Code   RO         3480    .text               mc_w.l(llushr.o)
    0x080005f0   0x080005f0   0x00000024   Code   RO         3482    .text               mc_w.l(llsshr.o)
    0x08000614   0x08000614   0x00000000   Code   RO         3484    .text               mc_w.l(iusefp.o)
    0x08000614   0x08000614   0x0000006e   Code   RO         3485    .text               mf_w.l(fepilogue.o)
    0x08000682   0x08000682   0x000000ba   Code   RO         3487    .text               mf_w.l(depilogue.o)
    0x0800073c   0x0800073c   0x00000024   Code   RO         3493    .text               mc_w.l(init.o)
    0x08000760   0x08000760   0x00000052   Code   RO         2310    i.ADC_ConversionStop_Disable  stm32f1xx_hal_adc.o
    0x080007b2   0x080007b2   0x00000002   PAD
    0x080007b4   0x080007b4   0x00000084   Code   RO         2314    i.ADC_Enable        stm32f1xx_hal_adc.o
    0x08000838   0x08000838   0x00000004   Code   RO          294    i.BusFault_Handler  stm32f1xx_it.o
    0x0800083c   0x0800083c   0x00000002   Code   RO          295    i.DebugMon_Handler  stm32f1xx_it.o
    0x0800083e   0x0800083e   0x00000002   PAD
    0x08000840   0x08000840   0x00000014   Code   RO         3019    i.EXTI0_IRQHandler  exti.o
    0x08000854   0x08000854   0x00000014   Code   RO         3020    i.EXTI3_IRQHandler  exti.o
    0x08000868   0x08000868   0x00000014   Code   RO         3021    i.EXTI4_IRQHandler  exti.o
    0x0800087c   0x0800087c   0x00000044   Code   RO         2192    i.FSMC_NORSRAM_Extended_Timing_Init  stm32f1xx_ll_fsmc.o
    0x080008c0   0x080008c0   0x00000078   Code   RO         2193    i.FSMC_NORSRAM_Init  stm32f1xx_ll_fsmc.o
    0x08000938   0x08000938   0x00000042   Code   RO         2194    i.FSMC_NORSRAM_Timing_Init  stm32f1xx_ll_fsmc.o
    0x0800097a   0x0800097a   0x00000002   PAD
    0x0800097c   0x0800097c   0x00000030   Code   RO         2871    i.GetLux            adc.o
    0x080009ac   0x080009ac   0x00000104   Code   RO         2490    i.HAL_ADCEx_Calibration_Start  stm32f1xx_hal_adc_ex.o
    0x08000ab0   0x08000ab0   0x00000160   Code   RO         2316    i.HAL_ADC_ConfigChannel  stm32f1xx_hal_adc.o
    0x08000c10   0x08000c10   0x00000008   Code   RO         2323    i.HAL_ADC_GetValue  stm32f1xx_hal_adc.o
    0x08000c18   0x08000c18   0x00000160   Code   RO         2325    i.HAL_ADC_Init      stm32f1xx_hal_adc.o
    0x08000d78   0x08000d78   0x00000084   Code   RO         2872    i.HAL_ADC_MspInit   adc.o
    0x08000dfc   0x08000dfc   0x00000170   Code   RO         2329    i.HAL_ADC_PollForConversion  stm32f1xx_hal_adc.o
    0x08000f6c   0x08000f6c   0x00000130   Code   RO         2331    i.HAL_ADC_Start     stm32f1xx_hal_adc.o
    0x0800109c   0x0800109c   0x000001a8   Code   RO          989    i.HAL_DMA_Abort_IT  stm32f1xx_hal_dma.o
    0x08001244   0x08001244   0x00000078   Code   RO         3022    i.HAL_GPIO_EXTI_Callback  exti.o
    0x080012bc   0x080012bc   0x0000001c   Code   RO         1084    i.HAL_GPIO_EXTI_IRQHandler  stm32f1xx_hal_gpio.o
    0x080012d8   0x080012d8   0x00000340   Code   RO         1085    i.HAL_GPIO_Init     stm32f1xx_hal_gpio.o
    0x08001618   0x08001618   0x00000010   Code   RO         1087    i.HAL_GPIO_ReadPin  stm32f1xx_hal_gpio.o
    0x08001628   0x08001628   0x00000014   Code   RO         1088    i.HAL_GPIO_TogglePin  stm32f1xx_hal_gpio.o
    0x0800163c   0x0800163c   0x0000000c   Code   RO         1089    i.HAL_GPIO_WritePin  stm32f1xx_hal_gpio.o
    0x08001648   0x08001648   0x0000000c   Code   RO          702    i.HAL_GetTick       stm32f1xx_hal.o
    0x08001654   0x08001654   0x00000018   Code   RO          708    i.HAL_IncTick       stm32f1xx_hal.o
    0x0800166c   0x0800166c   0x00000028   Code   RO          709    i.HAL_Init          stm32f1xx_hal.o
    0x08001694   0x08001694   0x0000004c   Code   RO          710    i.HAL_InitTick      stm32f1xx_hal.o
    0x080016e0   0x080016e0   0x00000002   Code   RO          712    i.HAL_MspInit       stm32f1xx_hal.o
    0x080016e2   0x080016e2   0x00000020   Code   RO          867    i.HAL_NVIC_EnableIRQ  stm32f1xx_hal_cortex.o
    0x08001702   0x08001702   0x0000007c   Code   RO          873    i.HAL_NVIC_SetPriority  stm32f1xx_hal_cortex.o
    0x0800177e   0x0800177e   0x00000002   PAD
    0x08001780   0x08001780   0x00000028   Code   RO          874    i.HAL_NVIC_SetPriorityGrouping  stm32f1xx_hal_cortex.o
    0x080017a8   0x080017a8   0x00000134   Code   RO         1417    i.HAL_RCCEx_GetPeriphCLKFreq  stm32f1xx_hal_rcc_ex.o
    0x080018dc   0x080018dc   0x00000130   Code   RO         1418    i.HAL_RCCEx_PeriphCLKConfig  stm32f1xx_hal_rcc_ex.o
    0x08001a0c   0x08001a0c   0x0000018c   Code   RO         1310    i.HAL_RCC_ClockConfig  stm32f1xx_hal_rcc.o
    0x08001b98   0x08001b98   0x0000000c   Code   RO         1315    i.HAL_RCC_GetHCLKFreq  stm32f1xx_hal_rcc.o
    0x08001ba4   0x08001ba4   0x00000020   Code   RO         1317    i.HAL_RCC_GetPCLK1Freq  stm32f1xx_hal_rcc.o
    0x08001bc4   0x08001bc4   0x00000020   Code   RO         1318    i.HAL_RCC_GetPCLK2Freq  stm32f1xx_hal_rcc.o
    0x08001be4   0x08001be4   0x00000094   Code   RO         1319    i.HAL_RCC_GetSysClockFreq  stm32f1xx_hal_rcc.o
    0x08001c78   0x08001c78   0x00000464   Code   RO         1322    i.HAL_RCC_OscConfig  stm32f1xx_hal_rcc.o
    0x080020dc   0x080020dc   0x00000066   Code   RO         2053    i.HAL_SRAM_Init     stm32f1xx_hal_sram.o
    0x08002142   0x08002142   0x00000002   PAD
    0x08002144   0x08002144   0x00000090   Code   RO         2610    i.HAL_SRAM_MspInit  lcd.o
    0x080021d4   0x080021d4   0x00000034   Code   RO          878    i.HAL_SYSTICK_Config  stm32f1xx_hal_cortex.o
    0x08002208   0x08002208   0x00000002   Code   RO         1473    i.HAL_UART_ErrorCallback  stm32f1xx_hal_uart.o
    0x0800220a   0x0800220a   0x00000002   PAD
    0x0800220c   0x0800220c   0x00000154   Code   RO         1476    i.HAL_UART_IRQHandler  stm32f1xx_hal_uart.o
    0x08002360   0x08002360   0x00000072   Code   RO         1477    i.HAL_UART_Init     stm32f1xx_hal_uart.o
    0x080023d2   0x080023d2   0x00000002   PAD
    0x080023d4   0x080023d4   0x000000b4   Code   RO          614    i.HAL_UART_MspInit  usart.o
    0x08002488   0x08002488   0x00000070   Code   RO         1482    i.HAL_UART_Receive_IT  stm32f1xx_hal_uart.o
    0x080024f8   0x080024f8   0x0000009c   Code   RO          615    i.HAL_UART_RxCpltCallback  usart.o
    0x08002594   0x08002594   0x00000002   Code   RO         1488    i.HAL_UART_TxCpltCallback  stm32f1xx_hal_uart.o
    0x08002596   0x08002596   0x00000004   Code   RO          296    i.HardFault_Handler  stm32f1xx_it.o
    0x0800259a   0x0800259a   0x00000004   Code   RO          297    i.MemManage_Handler  stm32f1xx_it.o
    0x0800259e   0x0800259e   0x00000002   Code   RO          298    i.NMI_Handler       stm32f1xx_it.o
    0x080025a0   0x080025a0   0x00000002   Code   RO          299    i.PendSV_Handler    stm32f1xx_it.o
    0x080025a2   0x080025a2   0x00000002   PAD
    0x080025a4   0x080025a4   0x00000028   Code   RO         1323    i.RCC_Delay         stm32f1xx_hal_rcc.o
    0x080025cc   0x080025cc   0x00000002   Code   RO          300    i.SVC_Handler       stm32f1xx_it.o
    0x080025ce   0x080025ce   0x00000008   Code   RO          301    i.SysTick_Handler   stm32f1xx_it.o
    0x080025d6   0x080025d6   0x00000002   Code   RO          258    i.SystemInit        system_stm32f1xx.o
    0x080025d8   0x080025d8   0x00000014   Code   RO         1490    i.UART_DMAAbortOnError  stm32f1xx_hal_uart.o
    0x080025ec   0x080025ec   0x00000020   Code   RO         1500    i.UART_EndRxTransfer  stm32f1xx_hal_uart.o
    0x0800260c   0x0800260c   0x00000020   Code   RO         1501    i.UART_EndTransmit_IT  stm32f1xx_hal_uart.o
    0x0800262c   0x0800262c   0x000000a0   Code   RO         1503    i.UART_Receive_IT   stm32f1xx_hal_uart.o
    0x080026cc   0x080026cc   0x000000fc   Code   RO         1504    i.UART_SetConfig    stm32f1xx_hal_uart.o
    0x080027c8   0x080027c8   0x00000060   Code   RO         1505    i.UART_Transmit_IT  stm32f1xx_hal_uart.o
    0x08002828   0x08002828   0x00000010   Code   RO          616    i.USART1_IRQHandler  usart.o
    0x08002838   0x08002838   0x00000004   Code   RO          302    i.UsageFault_Handler  stm32f1xx_it.o
    0x0800283c   0x0800283c   0x00000020   Code   RO         3390    i.__0printf$8       mc_w.l(printf8.o)
    0x0800285c   0x0800285c   0x00000028   Code   RO         3392    i.__0sprintf$8      mc_w.l(printf8.o)
    0x08002884   0x08002884   0x00000010   Code   RO          880    i.__NVIC_GetPriorityGrouping  stm32f1xx_hal_cortex.o
    0x08002894   0x08002894   0x00000028   Code   RO          881    i.__NVIC_SetPriority  stm32f1xx_hal_cortex.o
    0x080028bc   0x080028bc   0x0000000e   Code   RO         3497    i.__scatterload_copy  mc_w.l(handlers.o)
    0x080028ca   0x080028ca   0x00000002   Code   RO         3498    i.__scatterload_null  mc_w.l(handlers.o)
    0x080028cc   0x080028cc   0x0000000e   Code   RO         3499    i.__scatterload_zeroinit  mc_w.l(handlers.o)
    0x080028da   0x080028da   0x00000002   PAD
    0x080028dc   0x080028dc   0x00000410   Code   RO         3397    i._printf_core      mc_w.l(printf8.o)
    0x08002cec   0x08002cec   0x00000024   Code   RO         3398    i._printf_post_padding  mc_w.l(printf8.o)
    0x08002d10   0x08002d10   0x0000002e   Code   RO         3399    i._printf_pre_padding  mc_w.l(printf8.o)
    0x08002d3e   0x08002d3e   0x0000000a   Code   RO         3401    i._sputc            mc_w.l(printf8.o)
    0x08002d48   0x08002d48   0x0000001a   Code   RO         2873    i.adc_channel_set   adc.o
    0x08002d62   0x08002d62   0x00000002   PAD
    0x08002d64   0x08002d64   0x0000002c   Code   RO         2874    i.adc_get_result    adc.o
    0x08002d90   0x08002d90   0x0000002c   Code   RO         2875    i.adc_get_result_average  adc.o
    0x08002dbc   0x08002dbc   0x00000038   Code   RO         2876    i.adc_init          adc.o
    0x08002df4   0x08002df4   0x00000008   Code   RO         2933    i.at24cxx_init      24cxx.o
    0x08002dfc   0x08002dfc   0x00000024   Code   RO         2934    i.at24cxx_read      24cxx.o
    0x08002e20   0x08002e20   0x00000052   Code   RO         2935    i.at24cxx_read_one_byte  24cxx.o
    0x08002e72   0x08002e72   0x00000024   Code   RO         2936    i.at24cxx_write     24cxx.o
    0x08002e96   0x08002e96   0x0000004a   Code   RO         2937    i.at24cxx_write_one_byte  24cxx.o
    0x08002ee0   0x08002ee0   0x0000000c   Code   RO          498    i.delay_init        delay.o
    0x08002eec   0x08002eec   0x00000012   Code   RO          499    i.delay_ms          delay.o
    0x08002efe   0x08002efe   0x00000002   PAD
    0x08002f00   0x08002f00   0x00000048   Code   RO          500    i.delay_us          delay.o
    0x08002f48   0x08002f48   0x0000001c   Code   RO          620    i.fputc             usart.o
    0x08002f64   0x08002f64   0x00000050   Code   RO         3079    i.iic_ack           myiic.o
    0x08002fb4   0x08002fb4   0x0000000a   Code   RO         3080    i.iic_delay         myiic.o
    0x08002fbe   0x08002fbe   0x00000002   PAD
    0x08002fc0   0x08002fc0   0x00000078   Code   RO         3081    i.iic_init          myiic.o
    0x08003038   0x08003038   0x00000040   Code   RO         3082    i.iic_nack          myiic.o
    0x08003078   0x08003078   0x0000005c   Code   RO         3083    i.iic_read_byte     myiic.o
    0x080030d4   0x080030d4   0x0000006c   Code   RO         3084    i.iic_send_byte     myiic.o
    0x08003140   0x08003140   0x0000004c   Code   RO         3085    i.iic_start         myiic.o
    0x0800318c   0x0800318c   0x00000040   Code   RO         3086    i.iic_stop          myiic.o
    0x080031cc   0x080031cc   0x00000064   Code   RO         3087    i.iic_wait_ack      myiic.o
    0x08003230   0x08003230   0x000000b8   Code   RO         3150    i.key_init          key.o
    0x080032e8   0x080032e8   0x000000a0   Code   RO         3151    i.key_scan          key.o
    0x08003388   0x08003388   0x00000034   Code   RO         2611    i.lcd_clear         lcd.o
    0x080033bc   0x080033bc   0x0000016c   Code   RO         2613    i.lcd_display_dir   lcd.o
    0x08003528   0x08003528   0x00000020   Code   RO         2619    i.lcd_draw_point    lcd.o
    0x08003548   0x08003548   0x0000022c   Code   RO         2621    i.lcd_ex_ili9341_reginit  lcd.o
    0x08003774   0x08003774   0x00000340   Code   RO         2622    i.lcd_ex_ili9806_reginit  lcd.o
    0x08003ab4   0x08003ab4   0x00000ef2   Code   RO         2623    i.lcd_ex_nt35310_reginit  lcd.o
    0x080049a6   0x080049a6   0x00000efc   Code   RO         2624    i.lcd_ex_nt35510_reginit  lcd.o
    0x080058a2   0x080058a2   0x0000016e   Code   RO         2625    i.lcd_ex_ssd1963_reginit  lcd.o
    0x08005a10   0x08005a10   0x000001a8   Code   RO         2626    i.lcd_ex_st7789_reginit  lcd.o
    0x08005bb8   0x08005bb8   0x000001c6   Code   RO         2627    i.lcd_ex_st7796_reginit  lcd.o
    0x08005d7e   0x08005d7e   0x00000002   PAD
    0x08005d80   0x08005d80   0x00000468   Code   RO         2630    i.lcd_init          lcd.o
    0x080061e8   0x080061e8   0x0000000c   Code   RO         2631    i.lcd_opt_delay     lcd.o
    0x080061f4   0x080061f4   0x00000016   Code   RO         2632    i.lcd_pow           lcd.o
    0x0800620a   0x0800620a   0x00000002   PAD
    0x0800620c   0x0800620c   0x00000018   Code   RO         2633    i.lcd_rd_data       lcd.o
    0x08006224   0x08006224   0x0000023c   Code   RO         2635    i.lcd_scan_dir      lcd.o
    0x08006460   0x08006460   0x00000120   Code   RO         2636    i.lcd_set_cursor    lcd.o
    0x08006580   0x08006580   0x00000140   Code   RO         2638    i.lcd_show_char     lcd.o
    0x080066c0   0x080066c0   0x0000006a   Code   RO         2640    i.lcd_show_string   lcd.o
    0x0800672a   0x0800672a   0x000000c6   Code   RO         2641    i.lcd_show_xnum     lcd.o
    0x080067f0   0x080067f0   0x00000054   Code   RO         2642    i.lcd_ssd_backlight_set  lcd.o
    0x08006844   0x08006844   0x00000018   Code   RO         2643    i.lcd_wr_data       lcd.o
    0x0800685c   0x0800685c   0x00000018   Code   RO         2644    i.lcd_wr_regno      lcd.o
    0x08006874   0x08006874   0x00000014   Code   RO         2645    i.lcd_write_ram_prepare  lcd.o
    0x08006888   0x08006888   0x00000010   Code   RO         2646    i.lcd_write_reg     lcd.o
    0x08006898   0x08006898   0x00000090   Code   RO         2586    i.led_init          led.o
    0x08006928   0x08006928   0x000003b4   Code   RO           13    i.main              main.o
    0x08006cdc   0x08006cdc   0x00000066   Code   RO          547    i.sys_stm32_clock_init  sys.o
    0x08006d42   0x08006d42   0x00000002   PAD
    0x08006d44   0x08006d44   0x00000038   Code   RO          621    i.usart_init        usart.o
    0x08006d7c   0x08006d7c   0x00000018   Data   RO          259    .constdata          system_stm32f1xx.o
    0x08006d94   0x08006d94   0x00002f80   Data   RO         2648    .constdata          lcd.o
    0x08009d14   0x08009d14   0x00000464   Data   RO         2878    .constdata          adc.o
    0x0800a178   0x0800a178   0x00000020   Data   RO         3495    Region$$Table       anon$$obj.o


    Execution Region RW_IRAM1 (Exec base: 0x20000000, Load base: 0x0800a198, Size: 0x000005b8, Max: 0x00010000, ABSOLUTE)

    Exec Addr    Load Addr    Size         Type   Attr      Idx    E Section Name        Object

    0x20000000   0x0800a198   0x00000004   Data   RW          260    .data               system_stm32f1xx.o
    0x20000004   0x0800a19c   0x00000004   Data   RW          501    .data               delay.o
    0x20000008   0x0800a1a0   0x00000007   Data   RW          623    .data               usart.o
    0x2000000f   0x0800a1a7   0x00000001   PAD
    0x20000010   0x0800a1a8   0x00000009   Data   RW          716    .data               stm32f1xx_hal.o
    0x20000019   0x0800a1b1   0x00000003   PAD
    0x2000001c   0x0800a1b4   0x00000008   Data   RW         2649    .data               lcd.o
    0x20000024   0x0800a1bc   0x00000002   Data   RW         3024    .data               exti.o
    0x20000026   0x0800a1be   0x00000001   Data   RW         3152    .data               key.o
    0x20000027   0x0800a1bf   0x00000001   PAD
    0x20000028        -       0x00000108   Zero   RW          622    .bss                usart.o
    0x20000130        -       0x00000056   Zero   RW         2647    .bss                lcd.o
    0x20000186   0x0800a1bf   0x00000002   PAD
    0x20000188        -       0x00000030   Zero   RW         2877    .bss                adc.o
    0x200001b8        -       0x00000400   Zero   RW            1    STACK               startup_stm32f103xe.o


==============================================================================

Image component sizes


      Code (inc. data)   RO Data    RW Data    ZI Data      Debug   Object Name

       236          0          0          0          0       3375   24cxx.o
       350         30       1124          0         48       5024   adc.o
       102         10          0          4          0       1883   delay.o
       180         32          0          2          0       2960   exti.o
       344         24          0          1          0       1682   key.o
     13724        172      12160          8         86      25623   lcd.o
       144         12          0          0          0        927   led.o
       948        120          0          0          0     488515   main.o
       714         42          0          0          0       5170   myiic.o
        36          8        304          0       1024        928   startup_stm32f103xe.o
       154         32          0          9          0       6471   stm32f1xx_hal.o
      1598         64          0          0          0       6460   stm32f1xx_hal_adc.o
       260          4          0          0          0       1478   stm32f1xx_hal_adc_ex.o
       304         22          0          0          0      29555   stm32f1xx_hal_cortex.o
       424         10          0          0          0       1263   stm32f1xx_hal_dma.o
       908         44          0          0          0       4639   stm32f1xx_hal_gpio.o
      1784        110          0          0          0       6128   stm32f1xx_hal_rcc.o
       612         46          0          0          0       2465   stm32f1xx_hal_rcc_ex.o
       102          0          0          0          0       1228   stm32f1xx_hal_sram.o
      1162         10          0          0          0       7871   stm32f1xx_hal_uart.o
        32          0          0          0          0       3978   stm32f1xx_it.o
       254         10          0          0          0       3887   stm32f1xx_ll_fsmc.o
       102          0          0          0          0        723   sys.o
         2          0         24          4          0       1367   system_stm32f1xx.o
       436         56          0          7        264       5069   usart.o

    ----------------------------------------------------------------------
     24940        858      13644         40       1424     618669   Object Totals
         0          0         32          0          0          0   (incl. Generated)
        28          0          0          5          2          0   (incl. Padding)

    ----------------------------------------------------------------------

      Code (inc. data)   RO Data    RW Data    ZI Data      Debug   Library Member Name

         0          0          0          0          0          0   entry.o
         0          0          0          0          0          0   entry10a.o
         0          0          0          0          0          0   entry11a.o
         8          4          0          0          0          0   entry2.o
         4          0          0          0          0          0   entry5.o
         0          0          0          0          0          0   entry7b.o
         0          0          0          0          0          0   entry8b.o
         8          4          0          0          0          0   entry9a.o
        30          0          0          0          0          0   handlers.o
        36          8          0          0          0         68   init.o
         0          0          0          0          0          0   iusefp.o
        30          0          0          0          0         68   llshl.o
        36          0          0          0          0         68   llsshr.o
        32          0          0          0          0         68   llushr.o
        36          0          0          0          0        108   memseta.o
      1204         60          0          0          0        504   printf8.o
        98          0          0          0          0         92   uldiv.o
        56          0          0          0          0         88   d2f.o
       334          0          0          0          0        148   dadd.o
       222          0          0          0          0        100   ddiv.o
       186          0          0          0          0        176   depilogue.o
        50          0          0          0          0         76   dfixui.o
        26          0          0          0          0         76   dfltui.o
       228          0          0          0          0         96   dmul.o
        38          0          0          0          0         68   f2d.o
       110          0          0          0          0        168   fepilogue.o
        10          0          0          0          0         68   ffltui.o

    ----------------------------------------------------------------------
      2784         76          0          0          0       2040   Library Totals
         2          0          0          0          0          0   (incl. Padding)

    ----------------------------------------------------------------------

      Code (inc. data)   RO Data    RW Data    ZI Data      Debug   Library Name

      1522         76          0          0          0        976   mc_w.l
      1260          0          0          0          0       1064   mf_w.l

    ----------------------------------------------------------------------
      2784         76          0          0          0       2040   Library Totals

    ----------------------------------------------------------------------

==============================================================================


      Code (inc. data)   RO Data    RW Data    ZI Data      Debug   

     27724        934      13644         40       1424     613841   Grand Totals
     27724        934      13644         40       1424     613841   ELF Image Totals
     27724        934      13644         40          0          0   ROM Totals

==============================================================================

    Total RO  Size (Code + RO Data)                41368 (  40.40kB)
    Total RW  Size (RW Data + ZI Data)              1464 (   1.43kB)
    Total ROM Size (Code + RO Data + RW Data)      41408 (  40.44kB)

==============================================================================

