<html>
<body>
<pre>
<h1>礦ision Build Log</h1>
<h2>Tool Versions:</h2>
IDE-Version: μVision V5.42.0.0
Copyright (C) 2025 ARM Ltd and ARM Germany GmbH. All rights reserved.
License Information: st caosb, xatu, LIC=NQQMA-1AW2V-BSIYX-HXKH2-L12V8-A2PF9
 
Tool Versions:
Toolchain:       MDK-ARM Plus  Version: 5.42.0.0
Toolchain Path:  C:\Users\caosb\Desktop\Work\MDK-keil\ARM\ARMCC\Bin
C Compiler:      Armcc.exe V5.06 update 6 (build 750)
Assembler:       Armasm.exe V5.06 update 6 (build 750)
Linker/Locator:  ArmLink.exe V5.06 update 6 (build 750)
Library Manager: ArmAr.exe V5.06 update 6 (build 750)
Hex Converter:   FromElf.exe V5.06 update 6 (build 750)
CPU DLL:         SARMCM3.DLL V5.42.0.0
Dialog DLL:      DCM.DLL V1.17.5.0
Target DLL:      STLink\ST-LINKIII-KEIL_SWO.dll V3.3.0.0
Dialog DLL:      TCM.DLL V1.56.6.0
 
<h2>Project:</h2>
C:\Users\caosb\Desktop\电赛校赛(4)\电赛校赛\Projects\MDK-ARM\atk_f103.uvprojx
Project File Date:  05/01/2025

<h2>Output:</h2>
*** Using Compiler 'V5.06 update 6 (build 750)', folder: 'C:\Users\caosb\Desktop\Work\MDK-keil\ARM\ARMCC\Bin'
Rebuild target 'ADC'
assembling startup_stm32f103xe.s...
compiling sys.c...
compiling stm32f1xx_hal_cortex.c...
compiling stm32f1xx_hal_gpio_ex.c...
compiling delay.c...
compiling stm32f1xx_hal.c...
compiling stm32f1xx_it.c...
compiling stm32f1xx_hal_pwr.c...
compiling usart.c...
compiling stm32f1xx_hal_rcc_ex.c...
compiling stm32f1xx_hal_rcc.c...
compiling system_stm32f1xx.c...
compiling main.c...
..\..\User\main.c(23): warning:  #177-D: variable "i"  was declared but never referenced
  	int i = 0;
..\..\User\main.c: 1 warning, 0 errors
compiling stm32f1xx_hal_dma.c...
compiling stm32f1xx_hal_gpio.c...
compiling 24cxx.c...
compiling myiic.c...
compiling stm32f1xx_hal_usart.c...
compiling stm32f1xx_hal_uart.c...
compiling key.c...
compiling stm32f1xx_hal_sram.c...
compiling led.c...
compiling stm32f1xx_hal_adc.c...
compiling adc.c...
compiling beep.c...
compiling stm32f1xx_ll_fsmc.c...
compiling stm32f1xx_hal_adc_ex.c...
compiling exti.c...
compiling lcd.c...
linking...
Program Size: Code=27724 RO-data=13644 RW-data=40 ZI-data=1424  
FromELF: creating hex file...
"..\..\Output\atk_f103.axf" - 0 Error(s), 1 Warning(s).

<h2>Software Packages used:</h2>

Package Vendor: Keil
                https://www.keil.com/pack/Keil.STM32F1xx_DFP.2.4.1.pack
                Keil::STM32F1xx_DFP@2.4.1
                STMicroelectronics STM32F1 Series Device Support, Drivers and Examples

<h2>Collection of Component include folders:</h2>
  C:/Users/caosb/Desktop/Work/MDK-keil/Packs/Keil/STM32F1xx_DFP/2.4.1/Device/Include

<h2>Collection of Component Files used:</h2>
Build Time Elapsed:  00:00:05
</pre>
</body>
</html>
